{
  "Items": [
    {
      "Type": "article",
      "Key": "1e",
      "Exceptions": [],
      "Warnings": [],
      "Fields": {
        "author": "01e",
        "title": "Blah  \\emphemph and \\enquoteenquote."
      }
    },
    {
      "Type": "article",
      "Key": "1b",
      "Exceptions": [],
      "Warnings": [],
      "Fields": {
        "author": "01b",
        "title": "Blah  \\mkbibemphmkbibemph and \\mkbibquotemkbibquote."
      }
    },
    {
      "Type": "book",
      "Key": "2e",
      "Exceptions": [],
      "Warnings": [],
      "Fields": {
        "author": "02e",
        "title": "Blah  \\emphemph and \\enquoteenquote."
      }
    },
    {
      "Type": "book",
      "Key": "2b",
      "Exceptions": [],
      "Warnings": [],
      "Fields": {
        "author": "02b",
        "title": "Blah  \\mkbibemphmkbibemph and \\mkbibquotemkbibquote."
      }
    },
    {
      "Type": "Thesis",
      "Key": "Bennett2003",
      "Exceptions": [],
      "Warnings": [],
      "Fields": {
        "title": "Xenonika: medical texts associated with xenones in the late Byzantine period",
        "author": "Bennett, David Christopher",
        "date": "2003",
        "institution": "University of London",
        "type": "Ph.D."
      }
    },
    {
      "Type": "Incollection",
      "Key": "Cooper2013",
      "Exceptions": [],
      "Warnings": [],
      "Fields": {
        "title": "Byzantium between East and West: Competing Hellenisms in the \\mkbibemphAlexiad of Anna Komnene and her Contemporaries",
        "author": "Glen Cooper",
        "crossref": "Classen2013",
        "date": "2013",
        "pages": "263-87"
      }
    },
    {
      "Type": "Article",
      "Key": "Correns1891",
      "Exceptions": [],
      "Warnings": [],
      "Fields": {
        "title": "Die dem Boethius fälschlich zugeschriebene Abhandlung des Dominicus Gundisalvi 'De unitate'",
        "date": "1891",
        "journaltitle": "Beiträge zur Geschichte der Philosophie des Mittelalters",
        "pages": "1-11",
        "volume": "1",
        "editor": "Correns, Paul"
      }
    },
    {
      "Type": "Inreference",
      "Key": "Algar1985",
      "Exceptions": [],
      "Warnings": [],
      "Fields": {
        "title": "Encyclopedia Iranica",
        "lista": "Besmallah: in exegesis, jurisprudence, and cultural life",
        "author": "Algar, Hamid",
        "date": "1985",
        "pages": "172-4",
        "volume": "4"
      }
    },
    {
      "Type": "Collection",
      "Key": "Arsdall2012",
      "Exceptions": [],
      "Warnings": [],
      "Fields": {
        "title": "Herbs and Healers from the Ancient Mediterranean through the Medieval West: Essays in Honor of John M. Riddle",
        "date": "2012",
        "editor": "Anne van Arsdall and Timothy Graham",
        "location": "Burlington, VT",
        "publisher": "Ashgate"
      }
    }
  ],
  "Comments": [
    "Doesn't import as a thesis reference",
    "An example of the \\mkbibemph command:",
    "A journal article with the journaltitle field:",
    "An example of the (somewhat weird) biblatex-chicago Inreference entry type:",
    "And finally, an example of the Collection entry type:"
  ]
}