{
  "Items": [
    {
      "Type": "incollection",
      "Key": "moller2012conceptsrisksafety",
      "Exceptions": [],
      "Warnings": [],
      "Fields": {
        "title": "The Concepts of Risk and Safety",
        "booktitle": "Handbook of Risk Theory: Epistemology, Decision Theory, Ethics, and Social Implications of Risk",
        "publisher": "Springer",
        "author": "Möller, Niklas",
        "year": "2012"
      }
    }
  ],
  "Comments": []
}