{
  "Items": [
    {
      "Type": "Book",
      "Key": "Demus1984",
      "Exceptions": [],
      "Warnings": [],
      "Fields": {
        "title": "The Mosaics of San Marco in Venice",
        "author": "Demus, Otto",
        "date": "1984",
        "location": "Chicago",
        "publisher": "University of Chicago Press",
        "annotation": "a \"monumental\" work on the mosaics of San Marco"
      }
    }
  ],
  "Comments": []
}