{
  "Items": [
    {
      "Type": "article",
      "Key": "Frit2",
      "Exceptions": [],
      "Warnings": [],
      "Fields": {
        "author": "Fritz, U. and Corti, C. and Päckert, M.",
        "doi": "10.1007/s13127-011-0069-8",
        "journal": "Actes du $4^\\textrmème$ Congrès Français d'Acoustique",
        "pages": "71-80",
        "timestamp": "2015-02-24 12:14:36 +0100",
        "title": "Test of markupconversion: Italics, bold, superscript, subscript, and small caps: Mitochondrial DNA$_\\textrm2$ sequences suggest unexpected phylogenetic position of Corso-Sardinian grass snakes (\\textitNatrix cetti) and \\textbfdo not support their \\textscspecies status, with notes on phylogeography and subspecies delineation of grass snakes.",
        "volume": "12",
        "year": "2012"
      }
    },
    {
      "Type": "article",
      "Key": "AdcroftETAL:1997",
      "Exceptions": [],
      "Warnings": [],
      "Fields": {
        "author": "Adcroft, Alistair  and  Chris Hill\r\n    \t\t   and  John Marshall",
        "year": "1997",
        "title": "Representation of Topography by Shaved Cells in a\r\n    \t\t   Height Coordinate Ocean Model",
        "journal": "Monthly Weather Review",
        "volume": "125",
        "pages": "2293-2315"
      }
    }
  ],
  "Comments": []
}