{
  "Items": [
    {
      "Type": "article",
      "Key": "Bielinis2019",
      "Exceptions": [],
      "Warnings": [],
      "Fields": {
        "doi": "10.3390/f10100827",
        "url": "https://doi.org/10.3390/f10100827",
        "year": "2019",
        "month": "sep",
        "publisher": "MDPI AG",
        "volume": "10",
        "number": "10",
        "pages": "827",
        "author": "Bielinis and Łukowski and Omelan and Boiko and Takayama and Grebner",
        "title": "The Effect of Recreation in a Snow-Covered Forest Environment on the Psychological Wellbeing of Young Adults: Randomized Controlled Study",
        "journal": "Forests"
      }
    }
  ],
  "Comments": []
}