{
  "Items": [
    {
      "Type": "article",
      "Key": "Oliveira_2009",
      "Exceptions": [],
      "Warnings": [],
      "Fields": {
        "title": "USGS monitoring ecological impacts",
        "volume": "107",
        "number": "29",
        "journal": "Oil & Gas Journal",
        "author": "Oliveira, A",
        "year": "2009",
        "pages": "29"
      }
    }
  ],
  "Comments": []
}