{
  "Items": [
    {
      "Type": "Book",
      "Key": "hicks2001",
      "Exceptions": [],
      "Warnings": [],
      "Fields": {
        "author": "von Hicks, III, Michael",
        "title": "Design of a Carbon Fiber Composite Grid Structure for the GLAST\r\n              Spacecraft Using a Novel Manufacturing Technique",
        "publisher": "Stanford Press",
        "year": "2001",
        "address": "Palo Alto",
        "edition": "1st,",
        "isbn": "0-69-697269-4"
      }
    }
  ],
  "Comments": []
}