{
  "info": {
    "PageCount": 4,
    "PDFVersion": "PDF-1.4",
    "Chapters": 0,
    "ChapterPages": null,
    "Title": "Microsoft Word - Backup4all_network_backup_solution.doc",
    "Author": "Administrator",
    "Format": "PDF 1.4",
    "Encryption": "Standard V2 R3 128-bit RC4",
    "PDFCreator": "Microsoft Word - Backup4all_network_backup_solution.doc",
    "PDFProducer": "novaPDF Professional Server Ver 5.4 Build 260 (Windows XP  x32)",
    "Subject": null,
    "Keywords": null,
    "Creation_Date": null,
    "Modification_Date": null,
    "Permissions": "print, copy, edit, annotate",
    "PDFStatus": "PDF document with 1 update.",
    "DocumentUpdateCount": 1,
    "ChangeHistoryValidation": "Change history seems valid.",
    "FormFieldSignaturesCount": 0,
    "UpdatesStatus": "Document changes conform to permissions",
    "WasRepaired": false,
    "NeedsPassword": true,
    "WasCryptedWithEmptyPassword": false,
    "HasDocumentOutlines": false,
    "AttachedFilesCount": 0,
    "EmbeddedJavaScriptFilesCount": 0,
    "DocumentIsCorrupted": false,
    "errors": [],
    "raw_multipurp_text": null,
    "raw_decoded_json": null
  },
  "complete_json_doc": [
    {
      "DocumentFilePath": "W:\\Projects\\sites\\library.visyond.gov\\80\\lib\\tooling\\qiqqa\\TestData\\data\\fixtures\\PDF\\novapdf\\pdf-example-password=test.pdf",
      "GlobalInfo": {
        "Version": "PDF-1.4",
        "Info": {
          "Title": "Microsoft Word - Backup4all_network_backup_solution.doc",
          "Author": "Administrator",
          "Creator": "Microsoft Word - Backup4all_network_backup_solution.doc",
          "Producer": "novaPDF Professional Server Ver 5.4 Build 260 (Windows XP  x32)",
          "CreationDate": "D:200805"
        },
        "Encryption": {
          "Filter": "Standard",
          "V": 2,
          "R": 3,
          "Length": 128,
          "P": -4,
          "O": "BA DA D1 E8 64 42 69 94 27 11 6D 3E 5D 52 71 BC 80 A2 78 14 FC 5E 80 F8 15 EF EE F8 39 35 4C 5F",
          "U": "28 9E CE 9B 5C E4 51 A5 D7 06 46 93 DA B3 BA DF 10 11 12 13 14 15 16 17 18 19 1A 1B 1C 1D 1E 1F"
        },
        "Pages": 4,
        "Chapters": 1,
        "DocumentOutlines": []
      },
      "FirstPage": 1,
      "LastPage": 4,
      "PageInfo": [
        {
          "PageNumber": 1,
          "Mediaboxes": [
            {
              "Page": 1,
              "Bounds": [
                0,
                0,
                612,
                792
              ]
            }
          ],
          "Fonts": [
            {
              "Page": 1,
              "FontType": "TrueType",
              "FontName": "Arial-BoldMT",
              "FontEncoding": "WinAnsiEncoding"
            },
            {
              "Page": 1,
              "FontType": "TrueType",
              "FontName": "TimesNewRomanPSMT",
              "FontEncoding": "WinAnsiEncoding"
            },
            {
              "Page": 1,
              "FontType": "TrueType",
              "FontName": "Arial-BoldItalicMT",
              "FontEncoding": "WinAnsiEncoding"
            },
            {
              "Page": 1,
              "FontType": "Type0",
              "FontName": "ABCDEF+SymbolMT",
              "FontEncoding": "Identity-H"
            },
            {
              "Page": 1,
              "FontType": "TrueType",
              "FontName": "ArialMT",
              "FontEncoding": "WinAnsiEncoding"
            },
            {
              "Page": 1,
              "FontType": "TrueType",
              "FontName": "TimesNewRomanPS-BoldMT",
              "FontEncoding": "WinAnsiEncoding"
            },
            {
              "Page": 1,
              "FontType": "Type1",
              "FontName": "Arial",
              "FontEncoding": ""
            }
          ],
          "PageBounds": [
            0,
            0,
            612,
            792
          ],
          "LinksInPage": [
            {
              "LinkType": "External",
              "Url": "http://www.novapdf.com",
              "LinkBounds": [
                19.688,
                779.203,
                70.878,
                790.032
              ]
            },
            {
              "LinkType": "External",
              "Url": "http://www.novapdf.com",
              "LinkBounds": [
                331.748,
                779.203,
                436.097,
                790.032
              ]
            }
          ]
        },
        {
          "PageNumber": 2,
          "Mediaboxes": [
            {
              "Page": 2,
              "Bounds": [
                0,
                0,
                612,
                792
              ]
            }
          ],
          "Fonts": [
            {
              "Page": 2,
              "FontType": "TrueType",
              "FontName": "TimesNewRomanPSMT",
              "FontEncoding": "WinAnsiEncoding"
            },
            {
              "Page": 2,
              "FontType": "Type0",
              "FontName": "ABCDEF+SymbolMT",
              "FontEncoding": "Identity-H"
            },
            {
              "Page": 2,
              "FontType": "TrueType",
              "FontName": "ArialMT",
              "FontEncoding": "WinAnsiEncoding"
            },
            {
              "Page": 2,
              "FontType": "TrueType",
              "FontName": "TimesNewRomanPS-BoldMT",
              "FontEncoding": "WinAnsiEncoding"
            },
            {
              "Page": 2,
              "FontType": "TrueType",
              "FontName": "CourierNewPSMT",
              "FontEncoding": "WinAnsiEncoding"
            },
            {
              "Page": 2,
              "FontType": "TrueType",
              "FontName": "Arial-BoldItalicMT",
              "FontEncoding": "WinAnsiEncoding"
            },
            {
              "Page": 2,
              "FontType": "Type1",
              "FontName": "Arial",
              "FontEncoding": ""
            }
          ],
          "PageBounds": [
            0,
            0,
            612,
            792
          ],
          "LinksInPage": [
            {
              "LinkType": "External",
              "Url": "http://www.novapdf.com",
              "LinkBounds": [
                19.688,
                779.203,
                70.878,
                790.032
              ]
            },
            {
              "LinkType": "External",
              "Url": "http://www.novapdf.com",
              "LinkBounds": [
                331.748,
                779.203,
                436.097,
                790.032
              ]
            }
          ]
        },
        {
          "PageNumber": 3,
          "Mediaboxes": [
            {
              "Page": 3,
              "Bounds": [
                0,
                0,
                612,
                792
              ]
            }
          ],
          "Fonts": [
            {
              "Page": 3,
              "FontType": "TrueType",
              "FontName": "TimesNewRomanPSMT",
              "FontEncoding": "WinAnsiEncoding"
            },
            {
              "Page": 3,
              "FontType": "Type0",
              "FontName": "ABCDEF+SymbolMT",
              "FontEncoding": "Identity-H"
            },
            {
              "Page": 3,
              "FontType": "TrueType",
              "FontName": "ArialMT",
              "FontEncoding": "WinAnsiEncoding"
            },
            {
              "Page": 3,
              "FontType": "Type1",
              "FontName": "Arial",
              "FontEncoding": ""
            }
          ],
          "Images": [
            {
              "Page": 3,
              "ImageFilter": {
                "Filter": "Flate"
              },
              "ImageWidth": 309,
              "ImageHeight": 219,
              "ImageDimensions": {
                "W": 309,
                "H": 219
              },
              "ImageBPC": 8,
              "ImageCS": "Idx",
              "Image": {
                "type": "stream",
                "raw_data": {
                  "Type": "XObject",
                  "Subtype": "Image",
                  "BitsPerComponent": 8,
                  "Width": 309,
                  "Height": 219,
                  "ColorSpace": [
                    "Indexed",
                    "DeviceRGB",
                    255,
                    {
                      "type": "stream",
                      "raw_data": {
                        "Length": 768
                      }
                    }
                  ],
                  "Filter": "FlateDecode",
                  "Length": 2684
                }
              }
            },
            {
              "Page": 3,
              "ImageFilter": {
                "Filter": "Flate"
              },
              "ImageWidth": 119,
              "ImageHeight": 219,
              "ImageDimensions": {
                "W": 119,
                "H": 219
              },
              "ImageBPC": 8,
              "ImageCS": "Idx",
              "Image": {
                "type": "stream",
                "raw_data": {
                  "Type": "XObject",
                  "Subtype": "Image",
                  "BitsPerComponent": 8,
                  "Width": 119,
                  "Height": 219,
                  "ColorSpace": [
                    "Indexed",
                    "DeviceRGB",
                    255,
                    {
                      "type": "stream",
                      "raw_data": {
                        "Length": 768
                      }
                    }
                  ],
                  "Filter": "FlateDecode",
                  "Length": 1590
                }
              }
            },
            {
              "Page": 3,
              "ImageFilter": {
                "Filter": "Flate"
              },
              "ImageWidth": 309,
              "ImageHeight": 219,
              "ImageDimensions": {
                "W": 309,
                "H": 219
              },
              "ImageBPC": 8,
              "ImageCS": "Idx",
              "Image": {
                "type": "stream",
                "raw_data": {
                  "Type": "XObject",
                  "Subtype": "Image",
                  "BitsPerComponent": 8,
                  "Width": 309,
                  "Height": 219,
                  "ColorSpace": [
                    "Indexed",
                    "DeviceRGB",
                    255,
                    {
                      "type": "stream",
                      "raw_data": {
                        "Length": 768
                      }
                    }
                  ],
                  "Filter": "FlateDecode",
                  "Length": 2471
                }
              }
            }
          ],
          "PageBounds": [
            0,
            0,
            612,
            792
          ],
          "LinksInPage": [
            {
              "LinkType": "External",
              "Url": "http://www.novapdf.com",
              "LinkBounds": [
                19.688,
                779.203,
                70.878,
                790.032
              ]
            },
            {
              "LinkType": "External",
              "Url": "http://www.novapdf.com",
              "LinkBounds": [
                331.748,
                779.203,
                436.097,
                790.032
              ]
            }
          ]
        },
        {
          "PageNumber": 4,
          "Mediaboxes": [
            {
              "Page": 4,
              "Bounds": [
                0,
                0,
                612,
                792
              ]
            }
          ],
          "Fonts": [
            {
              "Page": 4,
              "FontType": "TrueType",
              "FontName": "TimesNewRomanPSMT",
              "FontEncoding": "WinAnsiEncoding"
            },
            {
              "Page": 4,
              "FontType": "Type1",
              "FontName": "Arial",
              "FontEncoding": ""
            }
          ],
          "Images": [
            {
              "Page": 4,
              "ImageFilter": {
                "Filter": "Flate"
              },
              "ImageWidth": 309,
              "ImageHeight": 219,
              "ImageDimensions": {
                "W": 309,
                "H": 219
              },
              "ImageBPC": 8,
              "ImageCS": "Idx",
              "Image": {
                "type": "stream",
                "raw_data": {
                  "Type": "XObject",
                  "Subtype": "Image",
                  "BitsPerComponent": 8,
                  "Width": 309,
                  "Height": 219,
                  "ColorSpace": [
                    "Indexed",
                    "DeviceRGB",
                    255,
                    {
                      "type": "stream",
                      "raw_data": {
                        "Length": 768
                      }
                    }
                  ],
                  "Filter": "FlateDecode",
                  "Length": 2629
                }
              }
            }
          ],
          "PageBounds": [
            0,
            0,
            612,
            792
          ],
          "LinksInPage": [
            {
              "LinkType": "External",
              "Url": "http://www.novapdf.com",
              "LinkBounds": [
                19.688,
                779.203,
                70.878,
                790.032
              ]
            },
            {
              "LinkType": "External",
              "Url": "http://www.novapdf.com",
              "LinkBounds": [
                331.748,
                779.203,
                436.097,
                790.032
              ]
            }
          ]
        }
      ],
      "DocumentGeneralInfo": {
        "Title": "Microsoft Word - Backup4all_network_backup_solution.doc",
        "Author": "Administrator",
        "Format": "PDF 1.4",
        "Encryption": "Standard V2 R3 128-bit RC4",
        "PDF_Creator": "Microsoft Word - Backup4all_network_backup_solution.doc",
        "PDF_Producer": "novaPDF Professional Server Ver 5.4 Build 260 (Windows XP  x32)",
        "Creation_Date": "D:200805",
        "MetaInfoDictionary": {
          "Title": "Microsoft Word - Backup4all_network_backup_solution.doc",
          "Author": "Administrator",
          "Creator": "Microsoft Word - Backup4all_network_backup_solution.doc",
          "Producer": "novaPDF Professional Server Ver 5.4 Build 260 (Windows XP  x32)",
          "CreationDate": "D:200805"
        },
        "Permissions": "print, copy, edit, annotate",
        "Status": "PDF document with 1 update.",
        "DocWasLinearized": false,
        "DocumentUpdateCount": 1,
        "ChangeHistoryValidation": "Change history seems valid.",
        "UpdatesStatus": "Document changes conform to permissions",
        "WasRepaired": false,
        "NeedsPassword": true,
        "WasCryptedWithEmptyPassword": false
      }
    }
  ]
}