{
  "info": {
    "PageCount": 1,
    "PDFVersion": "PDF-1.7",
    "Chapters": 0,
    "ChapterPages": null,
    "Title": null,
    "Author": "Brad Gashler",
    "Format": "PDF 1.7",
    "Encryption": "Standard V5 R5 256-bit AES",
    "PDFCreator": "CleverPDF 2.1",
    "PDFProducer": "CleverPDF 2.1",
    "Subject": null,
    "Keywords": null,
    "Creation_Date": "2021-02-22T21:03:14Z",
    "Modification_Date": null,
    "Permissions": "print, copy, edit, annotate",
    "PDFStatus": "PDF document with 1 update.",
    "DocumentUpdateCount": 1,
    "ChangeHistoryValidation": "Change history seems valid.",
    "FormFieldSignaturesCount": 0,
    "UpdatesStatus": "Document changes conform to permissions",
    "WasRepaired": false,
    "NeedsPassword": true,
    "WasCryptedWithEmptyPassword": false,
    "HasDocumentOutlines": false,
    "AttachedFilesCount": 0,
    "EmbeddedJavaScriptFilesCount": 0,
    "DocumentIsCorrupted": false,
    "errors": [],
    "raw_multipurp_text": null,
    "raw_decoded_json": null
  },
  "complete_json_doc": [
    {
      "DocumentFilePath": "W:\\Projects\\sites\\library.visyond.gov\\80\\lib\\tooling\\qiqqa\\TestData\\data\\fixtures\\PDF\\encrypted-with-known-passwords\\keyboard-shortcuts-windows-password=test.pdf",
      "GlobalInfo": {
        "Version": "PDF-1.7",
        "Info": {
          "Author": "Brad Gashler",
          "Creator": "CleverPDF 2.1",
          "CreationDate": "D:20210222210314+00'00'",
          "Producer": "CleverPDF 2.1"
        },
        "Encryption": {
          "Filter": "Standard",
          "P": -4,
          "U": "B7 2B 78 EE AF FD 51 29 64 75 89 37 35 33 97 97 8C 2C 14 7F B0 B2 D9 1B 49 1B A0 00 7A AB EA 80 C0 86 A4 5E 30 EE 8F C4 53 B6 34 F6 20 68 14 9E",
          "UE": "DE 6C 59 D3 50 2A 83 68 3F A8 7A 77 F1 52 86 47 F1 6E EB 96 55 FC 6A 01 C3 D8 4E FD 69 A3 3B 1E",
          "O": "15 37 C7 92 FA A5 81 BA BE 05 9D E8 11 84 8C 9E CD 8E B9 E8 81 CB 63 FF A2 36 7A 04 FB 41 70 FE 6C 4C DE 73 11 91 E0 98 EA B7 34 ED 13 06 51 D6",
          "OE": "9F B6 4A 9F 15 EF F6 F8 FE F9 34 3D D3 40 5B C5 DB 39 A7 EF B7 53 EA EF 7B B8 C6 71 CB 7A A4 F3",
          "Perms": "E3 22 74 95 95 3E 39 7A E8 0B 22 AC D4 12 88 B4",
          "V": 5,
          "Length": 256,
          "R": 5,
          "CF": {
            "StdCF": {
              "CFM": "AESV3",
              "Length": 32
            }
          },
          "StmF": "StdCF",
          "StrF": "StdCF"
        },
        "Metadata": {
          "type": "stream",
          "raw_data": "<?xpacket begin=\"﻿\" id=\"W5M0MpCehiHzreSzNTczkc9d\"?>\r\n<x:xmpmeta xmlns:x=\"adobe:ns:meta/\">\r\n  <rdf:RDF xmlns:rdf=\"http://www.w3.org/1999/02/22-rdf-syntax-ns#\">\r\n    <rdf:Description rdf:about=\"\" xmlns:pdf=\"http://ns.adobe.com/pdf/1.3/\">\r\n      <pdf:Producer>CleverPDF 2.1</pdf:Producer>\r\n      <pdf:Creator>CleverPDF 2.1</pdf:Creator>\r\n    </rdf:Description>\r\n    <rdf:Description rdf:about=\"\" xmlns:dc=\"http://purl.org/dc/elements/1.1/\">\r\n      <dc:creator>\r\n        <rdf:Seq>\r\n          <rdf:li>Brad Gashler</rdf:li>\r\n        </rdf:Seq>\r\n      </dc:creator>\r\n    </rdf:Description>\r\n    <rdf:Description rdf:about=\"\" xmlns:xmp=\"http://ns.adobe.com/xap/1.0/\">\r\n      <xmp:CreatorTool>CleverPDF 2.1</xmp:CreatorTool>\r\n      <xmp:CreateDate>2021-02-22T21:03:14+00:00</xmp:CreateDate>\r\n      <xmp:ModifyDate>2021-02-23T05:03:14+08:00</xmp:ModifyDate>\r\n    </rdf:Description>\r\n    <rdf:Description rdf:about=\"\" xmlns:xmpMM=\"http://ns.adobe.com/xap/1.0/mm/\">\r\n      <xmpMM:DocumentID>uuid:FAAD3BAE-8A8D-4460-A8C8-892B99071648</xmpMM:DocumentID>\r\n      <xmpMM:InstanceID>uuid:FAAD3BAE-8A8D-4460-A8C8-892B99071648</xmpMM:InstanceID>\r\n    </rdf:Description>\r\n  </rdf:RDF>\r\n</x:xmpmeta>\r\n                                                                                                    \r\n                                                                                                    \r\n                                                                                                    \r\n                                                                                                    \r\n                                                                                                    \r\n                                                                                                    \r\n                                                                                                    \r\n                                                                                                    \r\n                                                                                                    \r\n                                                                                                    \r\n                                                                                                    \r\n                                                                                                    \r\n                                                                                                    \r\n                                                                                                    \r\n                                                                                                    \r\n                                                                                                    \r\n                                                                                                    \r\n                                                                                                    \r\n                                                                                                    \r\n                                                                                                    \r\n<?xpacket end=\"w\"?>",
          "parsed_data": "(xmpmeta\n=xmlns:x adobe:ns:meta/\n  (RDF\n  =xmlns:rdf http://www.w3.org/1999/02/22-rdf-syntax-ns#\n    (Description\n    =xmlns:pdf http://ns.adobe.com/pdf/1.3/\n    =rdf:about \n      (Producer\n        \"CleverPDF 2.1\"\n      )Producer\n      (Creator\n        \"CleverPDF 2.1\"\n      )Creator\n    )Description\n    (Description\n    =xmlns:dc http://purl.org/dc/elements/1.1/\n    =rdf:about \n      (creator\n        (Seq\n          (li\n            \"Brad Gashler\"\n          )li\n        )Seq\n      )creator\n    )Description\n    (Description\n    =xmlns:xmp http://ns.adobe.com/xap/1.0/\n    =rdf:about \n      (CreatorTool\n        \"CleverPDF 2.1\"\n      )CreatorTool\n      (CreateDate\n        \"2021-02-22T21:03:14+00:00\"\n      )CreateDate\n      (ModifyDate\n        \"2021-02-23T05:03:14+08:00\"\n      )ModifyDate\n    )Description\n    (Description\n    =xmlns:xmpMM http://ns.adobe.com/xap/1.0/mm/\n    =rdf:about \n      (DocumentID\n        \"uuid:FAAD3BAE-8A8D-4460-A8C8-892B99071648\"\n      )DocumentID\n      (InstanceID\n        \"uuid:FAAD3BAE-8A8D-4460-A8C8-892B99071648\"\n      )InstanceID\n    )Description\n  )RDF\n)xmpmeta\n"
        },
        "Pages": 1,
        "Chapters": 1,
        "DocumentOutlines": [],
        "GatheredErrors": {
          "Log": "aes padding out of range\n",
          "LogOverflow": false
        }
      },
      "FirstPage": 1,
      "LastPage": 1,
      "PageInfo": [
        {
          "PageNumber": 1,
          "Mediaboxes": [
            {
              "Page": 1,
              "Bounds": [
                0,
                0,
                792,
                612
              ]
            }
          ],
          "Fonts": [
            {
              "Page": 1,
              "FontType": "TrueType",
              "FontName": "BCDEEE+Calibri",
              "FontEncoding": "WinAnsiEncoding"
            },
            {
              "Page": 1,
              "FontType": "TrueType",
              "FontName": "BCDFEE+SegoeUI-Semibold",
              "FontEncoding": "WinAnsiEncoding"
            },
            {
              "Page": 1,
              "FontType": "TrueType",
              "FontName": "BCDGEE+SegoeUI",
              "FontEncoding": "WinAnsiEncoding"
            },
            {
              "Page": 1,
              "FontType": "Type0",
              "FontName": "BCDHEE+SegoeUI",
              "FontEncoding": "Identity-H"
            },
            {
              "Page": 1,
              "FontType": "Type0",
              "FontName": "BCDIEE+SegoeUI-Semibold",
              "FontEncoding": "Identity-H"
            },
            {
              "Page": 1,
              "FontType": "TrueType",
              "FontName": "BCDJEE+SegoeUI-Light",
              "FontEncoding": "WinAnsiEncoding"
            },
            {
              "Page": 1,
              "FontType": "Type0",
              "FontName": "BCDKEE+Calibri",
              "FontEncoding": "Identity-H"
            }
          ],
          "Images": [
            {
              "Page": 1,
              "ImageFilter": {
                "Filter": "Flate"
              },
              "ImageWidth": 669,
              "ImageHeight": 100,
              "ImageDimensions": {
                "W": 669,
                "H": 100
              },
              "ImageBPC": 8,
              "ImageCS": "DevRGB",
              "Image": {
                "type": "stream",
                "raw_data": {
                  "Type": "XObject",
                  "Subtype": "Image",
                  "Width": 669,
                  "Height": 100,
                  "ColorSpace": "DeviceRGB",
                  "BitsPerComponent": 8,
                  "Interpolate": false,
                  "Filter": "FlateDecode",
                  "Length": 9008
                }
              }
            }
          ],
          "PageBounds": [
            0,
            0,
            792,
            612
          ],
          "LinksInPage": [
            {
              "LinkType": "External",
              "Url": "http://aka.ms/vscodekeybindings",
              "LinkBounds": [
                651.6,
                584.111,
                743.17,
                602.6501
              ]
            }
          ]
        }
      ],
      "DocumentGeneralInfo": {
        "Author": "Brad Gashler",
        "Format": "PDF 1.7",
        "Encryption": "Standard V5 R5 256-bit AES",
        "PDF_Creator": "CleverPDF 2.1",
        "PDF_Producer": "CleverPDF 2.1",
        "Creation_Date": "D:20210222210314+00'00'",
        "MetaInfoDictionary": {
          "Author": "Brad Gashler",
          "Creator": "CleverPDF 2.1",
          "CreationDate": "D:20210222210314+00'00'",
          "Producer": "CleverPDF 2.1"
        },
        "Permissions": "print, copy, edit, annotate",
        "Status": "PDF document with 1 update.",
        "DocWasLinearized": false,
        "DocumentUpdateCount": 1,
        "ChangeHistoryValidation": "Change history seems valid.",
        "UpdatesStatus": "Document changes conform to permissions",
        "WasRepaired": false,
        "NeedsPassword": true,
        "WasCryptedWithEmptyPassword": false
      }
    }
  ]
}