{
  "info": {
    "PageCount": 1,
    "PDFVersion": "PDF-1.7",
    "Chapters": 0,
    "ChapterPages": null,
    "Title": null,
    "Author": "Brad Gashler",
    "Format": "PDF 1.7",
    "Encryption": "Standard V5 R5 256-bit AES",
    "PDFCreator": "CleverPDF 2.1",
    "PDFProducer": "CleverPDF 2.1",
    "Subject": null,
    "Keywords": null,
    "Creation_Date": "2021-02-22T21:02:25Z",
    "Modification_Date": null,
    "Permissions": "annotate",
    "PDFStatus": "PDF document with 1 update.",
    "DocumentUpdateCount": 1,
    "ChangeHistoryValidation": "Change history seems valid.",
    "FormFieldSignaturesCount": 0,
    "UpdatesStatus": "Document changes conform to permissions",
    "WasRepaired": false,
    "NeedsPassword": true,
    "WasCryptedWithEmptyPassword": false,
    "HasDocumentOutlines": false,
    "AttachedFilesCount": 0,
    "EmbeddedJavaScriptFilesCount": 0,
    "DocumentIsCorrupted": false,
    "errors": [],
    "raw_multipurp_text": null,
    "raw_decoded_json": null
  },
  "complete_json_doc": [
    {
      "DocumentFilePath": "W:\\Projects\\sites\\library.visyond.gov\\80\\lib\\tooling\\qiqqa\\TestData\\data\\fixtures\\PDF\\encrypted-with-known-passwords\\keyboard-shortcuts-windows-passwords=test,bugger.pdf",
      "GlobalInfo": {
        "Version": "PDF-1.7",
        "Info": {
          "Author": "Brad Gashler",
          "Creator": "CleverPDF 2.1",
          "CreationDate": "D:20210222210225+00'00'",
          "Producer": "CleverPDF 2.1"
        },
        "Encryption": {
          "Filter": "Standard",
          "P": -3616,
          "U": "4C BA 02 38 78 1D 12 7B 19 99 D9 4B 4A 33 1D 7A 8C DC 0F 28 DC 66 BD B4 1A 6E AB 15 55 C6 C4 2C C6 03 4B DB FF 34 86 8E 6D 5A F1 B1 E8 65 98 3E",
          "UE": "86 9B 0D FA 66 E1 8D D0 93 57 20 63 AE C6 BA 73 65 F0 05 0E 3A 22 39 8B 1C 67 A4 E5 59 C1 45 15",
          "O": "C6 14 47 95 63 11 1D 90 A4 09 C5 D4 1F 7B 81 6C 2A 53 36 36 F2 BF CE C4 24 F6 C2 BB 00 44 08 AE C3 2C BB C1 04 C1 28 D7 C2 A7 61 CE A9 28 6A A8",
          "OE": "80 71 C3 9F E6 A4 D9 70 BF C8 92 A2 F7 4C EF 97 0C 10 FA 38 0A A8 BE 97 48 10 F6 B2 04 46 FB 41",
          "Perms": "AB D3 CC 90 09 1D F4 D2 FA 1C 95 CE F7 D3 62 D1",
          "V": 5,
          "Length": 256,
          "R": 5,
          "CF": {
            "StdCF": {
              "CFM": "AESV3",
              "Length": 32
            }
          },
          "StmF": "StdCF",
          "StrF": "StdCF"
        },
        "Metadata": {
          "type": "stream",
          "raw_data": "<?xpacket begin=\"﻿\" id=\"W5M0MpCehiHzreSzNTczkc9d\"?>\r\n<x:xmpmeta xmlns:x=\"adobe:ns:meta/\">\r\n  <rdf:RDF xmlns:rdf=\"http://www.w3.org/1999/02/22-rdf-syntax-ns#\">\r\n    <rdf:Description rdf:about=\"\" xmlns:pdf=\"http://ns.adobe.com/pdf/1.3/\">\r\n      <pdf:Producer>CleverPDF 2.1</pdf:Producer>\r\n      <pdf:Creator>CleverPDF 2.1</pdf:Creator>\r\n    </rdf:Description>\r\n    <rdf:Description rdf:about=\"\" xmlns:dc=\"http://purl.org/dc/elements/1.1/\">\r\n      <dc:creator>\r\n        <rdf:Seq>\r\n          <rdf:li>Brad Gashler</rdf:li>\r\n        </rdf:Seq>\r\n      </dc:creator>\r\n    </rdf:Description>\r\n    <rdf:Description rdf:about=\"\" xmlns:xmp=\"http://ns.adobe.com/xap/1.0/\">\r\n      <xmp:CreatorTool>CleverPDF 2.1</xmp:CreatorTool>\r\n      <xmp:CreateDate>2021-02-22T21:02:25+00:00</xmp:CreateDate>\r\n      <xmp:ModifyDate>2021-02-23T05:02:25+08:00</xmp:ModifyDate>\r\n    </rdf:Description>\r\n    <rdf:Description rdf:about=\"\" xmlns:xmpMM=\"http://ns.adobe.com/xap/1.0/mm/\">\r\n      <xmpMM:DocumentID>uuid:FAAD3BAE-8A8D-4460-A8C8-892B99071648</xmpMM:DocumentID>\r\n      <xmpMM:InstanceID>uuid:FAAD3BAE-8A8D-4460-A8C8-892B99071648</xmpMM:InstanceID>\r\n    </rdf:Description>\r\n  </rdf:RDF>\r\n</x:xmpmeta>\r\n                                                                                                    \r\n                                                                                                    \r\n                                                                                                    \r\n                                                                                                    \r\n                                                                                                    \r\n                                                                                                    \r\n                                                                                                    \r\n                                                                                                    \r\n                                                                                                    \r\n                                                                                                    \r\n                                                                                                    \r\n                                                                                                    \r\n                                                                                                    \r\n                                                                                                    \r\n                                                                                                    \r\n                                                                                                    \r\n                                                                                                    \r\n                                                                                                    \r\n                                                                                                    \r\n                                                                                                    \r\n<?xpacket end=\"w\"?>",
          "parsed_data": "(xmpmeta\n=xmlns:x adobe:ns:meta/\n  (RDF\n  =xmlns:rdf http://www.w3.org/1999/02/22-rdf-syntax-ns#\n    (Description\n    =xmlns:pdf http://ns.adobe.com/pdf/1.3/\n    =rdf:about \n      (Producer\n        \"CleverPDF 2.1\"\n      )Producer\n      (Creator\n        \"CleverPDF 2.1\"\n      )Creator\n    )Description\n    (Description\n    =xmlns:dc http://purl.org/dc/elements/1.1/\n    =rdf:about \n      (creator\n        (Seq\n          (li\n            \"Brad Gashler\"\n          )li\n        )Seq\n      )creator\n    )Description\n    (Description\n    =xmlns:xmp http://ns.adobe.com/xap/1.0/\n    =rdf:about \n      (CreatorTool\n        \"CleverPDF 2.1\"\n      )CreatorTool\n      (CreateDate\n        \"2021-02-22T21:02:25+00:00\"\n      )CreateDate\n      (ModifyDate\n        \"2021-02-23T05:02:25+08:00\"\n      )ModifyDate\n    )Description\n    (Description\n    =xmlns:xmpMM http://ns.adobe.com/xap/1.0/mm/\n    =rdf:about \n      (DocumentID\n        \"uuid:FAAD3BAE-8A8D-4460-A8C8-892B99071648\"\n      )DocumentID\n      (InstanceID\n        \"uuid:FAAD3BAE-8A8D-4460-A8C8-892B99071648\"\n      )InstanceID\n    )Description\n  )RDF\n)xmpmeta\n"
        },
        "Pages": 1,
        "Chapters": 1,
        "DocumentOutlines": [],
        "GatheredErrors": {
          "Log": "aes padding out of range\n",
          "LogOverflow": false
        }
      },
      "FirstPage": 1,
      "LastPage": 1,
      "PageInfo": [
        {
          "PageNumber": 1,
          "Mediaboxes": [
            {
              "Page": 1,
              "Bounds": [
                0,
                0,
                792,
                612
              ]
            }
          ],
          "Fonts": [
            {
              "Page": 1,
              "FontType": "TrueType",
              "FontName": "BCDEEE+Calibri",
              "FontEncoding": "WinAnsiEncoding"
            },
            {
              "Page": 1,
              "FontType": "TrueType",
              "FontName": "BCDFEE+SegoeUI-Semibold",
              "FontEncoding": "WinAnsiEncoding"
            },
            {
              "Page": 1,
              "FontType": "TrueType",
              "FontName": "BCDGEE+SegoeUI",
              "FontEncoding": "WinAnsiEncoding"
            },
            {
              "Page": 1,
              "FontType": "Type0",
              "FontName": "BCDHEE+SegoeUI",
              "FontEncoding": "Identity-H"
            },
            {
              "Page": 1,
              "FontType": "Type0",
              "FontName": "BCDIEE+SegoeUI-Semibold",
              "FontEncoding": "Identity-H"
            },
            {
              "Page": 1,
              "FontType": "TrueType",
              "FontName": "BCDJEE+SegoeUI-Light",
              "FontEncoding": "WinAnsiEncoding"
            },
            {
              "Page": 1,
              "FontType": "Type0",
              "FontName": "BCDKEE+Calibri",
              "FontEncoding": "Identity-H"
            }
          ],
          "Images": [
            {
              "Page": 1,
              "ImageFilter": {
                "Filter": "Flate"
              },
              "ImageWidth": 669,
              "ImageHeight": 100,
              "ImageDimensions": {
                "W": 669,
                "H": 100
              },
              "ImageBPC": 8,
              "ImageCS": "DevRGB",
              "Image": {
                "type": "stream",
                "raw_data": {
                  "Type": "XObject",
                  "Subtype": "Image",
                  "Width": 669,
                  "Height": 100,
                  "ColorSpace": "DeviceRGB",
                  "BitsPerComponent": 8,
                  "Interpolate": false,
                  "Filter": "FlateDecode",
                  "Length": 9008
                }
              }
            }
          ],
          "PageBounds": [
            0,
            0,
            792,
            612
          ],
          "LinksInPage": [
            {
              "LinkType": "External",
              "Url": "http://aka.ms/vscodekeybindings",
              "LinkBounds": [
                651.6,
                584.111,
                743.17,
                602.6501
              ]
            }
          ]
        }
      ],
      "DocumentGeneralInfo": {
        "Author": "Brad Gashler",
        "Format": "PDF 1.7",
        "Encryption": "Standard V5 R5 256-bit AES",
        "PDF_Creator": "CleverPDF 2.1",
        "PDF_Producer": "CleverPDF 2.1",
        "Creation_Date": "D:20210222210225+00'00'",
        "MetaInfoDictionary": {
          "Author": "Brad Gashler",
          "Creator": "CleverPDF 2.1",
          "CreationDate": "D:20210222210225+00'00'",
          "Producer": "CleverPDF 2.1"
        },
        "Permissions": "annotate",
        "Status": "PDF document with 1 update.",
        "DocWasLinearized": false,
        "DocumentUpdateCount": 1,
        "ChangeHistoryValidation": "Change history seems valid.",
        "UpdatesStatus": "Document changes conform to permissions",
        "WasRepaired": false,
        "NeedsPassword": true,
        "WasCryptedWithEmptyPassword": false
      }
    }
  ]
}