{
  "info": {
    "PageCount": 1,
    "PDFVersion": "PDF-1.7",
    "Chapters": 0,
    "ChapterPages": null,
    "Title": null,
    "Author": "Brad Gashler",
    "Format": "PDF 1.7",
    "Encryption": null,
    "PDFCreator": "Microsoft® Word for Office 365",
    "PDFProducer": "Microsoft® Word for Office 365",
    "Subject": null,
    "Keywords": null,
    "Creation_Date": "2019-06-05T04:39:42Z",
    "Modification_Date": "2019-06-05T04:39:42Z",
    "Permissions": "print, copy, edit, annotate",
    "PDFStatus": "PDF document with 2 updates.",
    "DocumentUpdateCount": 2,
    "ChangeHistoryValidation": "Change history seems valid.",
    "FormFieldSignaturesCount": 0,
    "UpdatesStatus": "Document changes conform to permissions",
    "WasRepaired": false,
    "NeedsPassword": false,
    "WasCryptedWithEmptyPassword": false,
    "HasDocumentOutlines": false,
    "AttachedFilesCount": 0,
    "EmbeddedJavaScriptFilesCount": 0,
    "DocumentIsCorrupted": false,
    "errors": [],
    "raw_multipurp_text": null,
    "raw_decoded_json": null
  },
  "complete_json_doc": [
    {
      "DocumentFilePath": "W:\\Projects\\sites\\library.visyond.gov\\80\\lib\\tooling\\qiqqa\\TestData\\data\\fixtures\\PDF\\encrypted-with-known-passwords\\keyboard-shortcuts-windows-not-encrypted.pdf",
      "GlobalInfo": {
        "Version": "PDF-1.7",
        "Info": {
          "Author": "Brad Gashler",
          "Creator": "Microsoft® Word for Office 365",
          "CreationDate": "D:20190604213942-07'00'",
          "ModDate": "D:20190604213942-07'00'",
          "Producer": "Microsoft® Word for Office 365"
        },
        "Metadata": {
          "type": "stream",
          "raw_data": "<?xpacket begin=\"﻿\" id=\"W5M0MpCehiHzreSzNTczkc9d\"?><x:xmpmeta xmlns:x=\"adobe:ns:meta/\" x:xmptk=\"3.1-701\">\n<rdf:RDF xmlns:rdf=\"http://www.w3.org/1999/02/22-rdf-syntax-ns#\">\n<rdf:Description rdf:about=\"\"  xmlns:pdf=\"http://ns.adobe.com/pdf/1.3/\">\n<pdf:Producer>Microsoft® Word for Office 365</pdf:Producer></rdf:Description>\n<rdf:Description rdf:about=\"\"  xmlns:dc=\"http://purl.org/dc/elements/1.1/\">\n<dc:creator><rdf:Seq><rdf:li>Brad Gashler</rdf:li></rdf:Seq></dc:creator></rdf:Description>\n<rdf:Description rdf:about=\"\"  xmlns:xmp=\"http://ns.adobe.com/xap/1.0/\">\n<xmp:CreatorTool>Microsoft® Word for Office 365</xmp:CreatorTool><xmp:CreateDate>2019-06-04T21:39:42-07:00</xmp:CreateDate><xmp:ModifyDate>2019-06-04T21:39:42-07:00</xmp:ModifyDate></rdf:Description>\n<rdf:Description rdf:about=\"\"  xmlns:xmpMM=\"http://ns.adobe.com/xap/1.0/mm/\">\n<xmpMM:DocumentID>uuid:FAAD3BAE-8A8D-4460-A8C8-892B99071648</xmpMM:DocumentID><xmpMM:InstanceID>uuid:FAAD3BAE-8A8D-4460-A8C8-892B99071648</xmpMM:InstanceID></rdf:Description>\n                                                                                                    \n                                                                                                    \n                                                                                                    \n                                                                                                    \n                                                                                                    \n                                                                                                    \n                                                                                                    \n                                                                                                    \n                                                                                                    \n                                                                                                    \n                                                                                                    \n                                                                                                    \n                                                                                                    \n                                                                                                    \n                                                                                                    \n                                                                                                    \n                                                                                                    \n                                                                                                    \n                                                                                                    \n                                                                                                    \n</rdf:RDF></x:xmpmeta><?xpacket end=\"w\"?>",
          "parsed_data": "(xmpmeta\n=x:xmptk 3.1-701\n=xmlns:x adobe:ns:meta/\n  (RDF\n  =xmlns:rdf http://www.w3.org/1999/02/22-rdf-syntax-ns#\n    (Description\n    =xmlns:pdf http://ns.adobe.com/pdf/1.3/\n    =rdf:about \n      (Producer\n        \"Microsoft\\u%X Word for Office 365\"\n      )Producer\n    )Description\n    (Description\n    =xmlns:dc http://purl.org/dc/elements/1.1/\n    =rdf:about \n      (creator\n        (Seq\n          (li\n            \"Brad Gashler\"\n          )li\n        )Seq\n      )creator\n    )Description\n    (Description\n    =xmlns:xmp http://ns.adobe.com/xap/1.0/\n    =rdf:about \n      (CreatorTool\n        \"Microsoft\\u%X Word for Office 365\"\n      )CreatorTool\n      (CreateDate\n        \"2019-06-04T21:39:42-07:00\"\n      )CreateDate\n      (ModifyDate\n        \"2019-06-04T21:39:42-07:00\"\n      )ModifyDate\n    )Description\n    (Description\n    =xmlns:xmpMM http://ns.adobe.com/xap/1.0/mm/\n    =rdf:about \n      (DocumentID\n        \"uuid:FAAD3BAE-8A8D-4460-A8C8-892B99071648\"\n      )DocumentID\n      (InstanceID\n        \"uuid:FAAD3BAE-8A8D-4460-A8C8-892B99071648\"\n      )InstanceID\n    )Description\n  )RDF\n)xmpmeta\n"
        },
        "Pages": 1,
        "Chapters": 1,
        "DocumentOutlines": []
      },
      "FirstPage": 1,
      "LastPage": 1,
      "PageInfo": [
        {
          "PageNumber": 1,
          "Mediaboxes": [
            {
              "Page": 1,
              "Bounds": [
                0,
                0,
                792,
                612
              ]
            }
          ],
          "Fonts": [
            {
              "Page": 1,
              "FontType": "TrueType",
              "FontName": "BCDEEE+Calibri",
              "FontEncoding": "WinAnsiEncoding"
            },
            {
              "Page": 1,
              "FontType": "TrueType",
              "FontName": "BCDFEE+SegoeUI-Semibold",
              "FontEncoding": "WinAnsiEncoding"
            },
            {
              "Page": 1,
              "FontType": "TrueType",
              "FontName": "BCDGEE+SegoeUI",
              "FontEncoding": "WinAnsiEncoding"
            },
            {
              "Page": 1,
              "FontType": "Type0",
              "FontName": "BCDHEE+SegoeUI",
              "FontEncoding": "Identity-H"
            },
            {
              "Page": 1,
              "FontType": "Type0",
              "FontName": "BCDIEE+SegoeUI-Semibold",
              "FontEncoding": "Identity-H"
            },
            {
              "Page": 1,
              "FontType": "TrueType",
              "FontName": "BCDJEE+SegoeUI-Light",
              "FontEncoding": "WinAnsiEncoding"
            },
            {
              "Page": 1,
              "FontType": "Type0",
              "FontName": "BCDKEE+Calibri",
              "FontEncoding": "Identity-H"
            }
          ],
          "Images": [
            {
              "Page": 1,
              "ImageFilter": {
                "Filter": "Flate"
              },
              "ImageWidth": 669,
              "ImageHeight": 100,
              "ImageDimensions": {
                "W": 669,
                "H": 100
              },
              "ImageBPC": 8,
              "ImageCS": "DevRGB",
              "Image": {
                "type": "stream",
                "raw_data": {
                  "Type": "XObject",
                  "Subtype": "Image",
                  "Width": 669,
                  "Height": 100,
                  "ColorSpace": "DeviceRGB",
                  "BitsPerComponent": 8,
                  "Interpolate": false,
                  "Filter": "FlateDecode",
                  "Length": 8977
                }
              }
            }
          ],
          "PageBounds": [
            0,
            0,
            792,
            612
          ],
          "LinksInPage": [
            {
              "LinkType": "External",
              "Url": "http://aka.ms/vscodekeybindings",
              "LinkBounds": [
                651.6,
                584.111,
                743.17,
                602.6501
              ]
            }
          ]
        }
      ],
      "DocumentGeneralInfo": {
        "Author": "Brad Gashler",
        "Format": "PDF 1.7",
        "Encryption": "None",
        "PDF_Creator": "Microsoft® Word for Office 365",
        "PDF_Producer": "Microsoft® Word for Office 365",
        "Creation_Date": "D:20190604213942-07'00'",
        "Modification_Date": "D:20190604213942-07'00'",
        "MetaInfoDictionary": {
          "Author": "Brad Gashler",
          "Creator": "Microsoft® Word for Office 365",
          "CreationDate": "D:20190604213942-07'00'",
          "ModDate": "D:20190604213942-07'00'",
          "Producer": "Microsoft® Word for Office 365"
        },
        "Permissions": "print, copy, edit, annotate",
        "Status": "PDF document with 2 updates.",
        "DocWasLinearized": false,
        "DocumentUpdateCount": 2,
        "ChangeHistoryValidation": "Change history seems valid.",
        "UpdatesStatus": "Document changes conform to permissions",
        "WasRepaired": false,
        "NeedsPassword": false,
        "WasCryptedWithEmptyPassword": false
      }
    }
  ]
}