{
  "info": {
    "PageCount": 1,
    "PDFVersion": "PDF-1.6",
    "Chapters": 0,
    "ChapterPages": null,
    "Title": "Try PDF Postman Free!",
    "Author": "darren@encryptomatic.com",
    "Format": "PDF 1.6",
    "Encryption": "Standard V4 R4 128-bit AES",
    "PDFCreator": "Encryptomatic PDFPostman Outlook Add-in",
    "PDFProducer": "Encryptomatic LLC",
    "Subject": "Try PDF Postman Free!",
    "Keywords": "Encryptomatic, PDFPostman, email, Try PDF Postman Free!",
    "Creation_Date": "2011-05-17T09:47:23",
    "Modification_Date": null,
    "Permissions": "print, copy",
    "PDFStatus": "PDF document with 1 update.",
    "DocumentUpdateCount": 1,
    "ChangeHistoryValidation": "Change history seems valid.",
    "FormFieldSignaturesCount": 0,
    "UpdatesStatus": "Document changes conform to permissions",
    "WasRepaired": false,
    "NeedsPassword": true,
    "WasCryptedWithEmptyPassword": false,
    "HasDocumentOutlines": false,
    "AttachedFilesCount": 1,
    "EmbeddedJavaScriptFilesCount": 0,
    "DocumentIsCorrupted": false,
    "errors": [],
    "raw_multipurp_text": null,
    "raw_decoded_json": null
  },
  "complete_json_doc": [
    {
      "DocumentFilePath": "W:\\Projects\\sites\\library.visyond.gov\\80\\lib\\tooling\\qiqqa\\TestData\\data\\fixtures\\PDF\\encrypted-with-known-passwords\\pdfpostman-pdf-sample-password=test123.PDF",
      "GlobalInfo": {
        "Version": "PDF-1.6",
        "Info": {
          "Keywords": "Encryptomatic, PDFPostman, email, Try PDF Postman Free!",
          "CreationDate": "D:20110517094723",
          "Producer": "Encryptomatic LLC",
          "Title": "Try PDF Postman Free!",
          "Subject": "Try PDF Postman Free!",
          "Author": "darren@encryptomatic.com",
          "Creator": "Encryptomatic PDFPostman Outlook Add-in"
        },
        "Encryption": {
          "Filter": "Standard",
          "V": 4,
          "R": 4,
          "Length": 128,
          "StrF": "StdCF",
          "StmF": "StdCF",
          "CF": {
            "StdCF": {
              "AuthEvent": "DocOpen",
              "Length": 16,
              "CFM": "AESV2"
            }
          },
          "O": "03 A5 9D 10 AA E3 B5 0F 1A 30 C3 4F BB 1B E0 9A BA BF C1 FB 19 F0 D3 49 1E E8 4C 17 52 67 19 18",
          "U": "AA 0A 13 61 CC 39 50 FA 10 B5 1C 11 67 D4 EF BF 00 00 00 00 00 00 00 00 00 00 00 00 00 00 00 00",
          "P": -1324
        },
        "Pages": 1,
        "Chapters": 1,
        "DocumentOutlines": [],
        "AttachedFiles": {
          "EmbeddedFiles": {
            "Names": [
              {
                "Name": "n",
                "Value": {
                  "IsEmbeddedFile": true,
                  "EmbeddedFileType": "application/octet-stream",
                  "EmbeddedFileName": "Try PDF Postman.png",
                  "EmbedLength": 47776,
                  "EmbedFilter": "FlateDecode",
                  "FileCreationDate": "D:20110517094726",
                  "FileModDate": "D:20110517094726",
                  "FileSize": 48016,
                  "FileRecType": "Filespec",
                  "F": "Try PDF Postman.png",
                  "EF": {
                    "F": {
                      "type": "stream",
                      "raw_data": {
                        "Params": {
                          "CreationDate": "D:20110517094726",
                          "ModDate": "D:20110517094726",
                          "Size": 48016
                        },
                        "Length": 47776,
                        "Type": "EmbeddedFile",
                        "Filter": "FlateDecode"
                      }
                    }
                  },
                  "Type": "Filespec"
                }
              }
            ]
          }
        }
      },
      "FirstPage": 1,
      "LastPage": 1,
      "PageInfo": [
        {
          "PageNumber": 1,
          "Mediaboxes": [
            {
              "Page": 1,
              "Bounds": [
                0,
                0,
                595,
                842
              ]
            }
          ],
          "Fonts": [
            {
              "Page": 1,
              "FontType": "Type0",
              "FontName": "MAAKKI+ArialMT",
              "FontEncoding": "Identity-H"
            },
            {
              "Page": 1,
              "FontType": "TrueType",
              "FontName": "Arial",
              "FontEncoding": "WinAnsiEncoding"
            },
            {
              "Page": 1,
              "FontType": "TrueType",
              "FontName": "Arial,Bold",
              "FontEncoding": "WinAnsiEncoding"
            },
            {
              "Page": 1,
              "FontType": "TrueType",
              "FontName": "Arial,BoldItalic",
              "FontEncoding": "WinAnsiEncoding"
            }
          ],
          "Images": [
            {
              "Page": 1,
              "ImageFilter": {
                "Filter": "DCT"
              },
              "ImageWidth": 16,
              "ImageHeight": 16,
              "ImageDimensions": {
                "W": 16,
                "H": 16
              },
              "ImageBPC": 8,
              "ImageCS": "DevRGB",
              "Image": {
                "type": "stream",
                "raw_data": {
                  "Length": 848,
                  "BitsPerComponent": 8,
                  "Type": "XObject",
                  "Width": 16,
                  "Decode": [
                    0,
                    1,
                    0,
                    1,
                    0,
                    1
                  ],
                  "Subtype": "Image",
                  "Filter": "DCTDecode",
                  "ColorSpace": "DeviceRGB",
                  "Height": 16,
                  "Name": "NAME_odlmhepkgmmckegjomllmlcfbecccedm"
                }
              }
            },
            {
              "Page": 1,
              "ImageFilter": {
                "Filter": "DCT"
              },
              "ImageWidth": 16,
              "ImageHeight": 16,
              "ImageDimensions": {
                "W": 16,
                "H": 16
              },
              "ImageBPC": 8,
              "ImageCS": "DevRGB",
              "Image": {
                "type": "stream",
                "raw_data": {
                  "Length": 848,
                  "BitsPerComponent": 8,
                  "Type": "XObject",
                  "Width": 16,
                  "Decode": [
                    0,
                    1,
                    0,
                    1,
                    0,
                    1
                  ],
                  "Subtype": "Image",
                  "Filter": "DCTDecode",
                  "ColorSpace": "DeviceRGB",
                  "Height": 16,
                  "Name": "NAME_hmpaalpjjepmkeocobkllkadpkjmcgmi"
                }
              }
            },
            {
              "Page": 1,
              "ImageFilter": {
                "Filter": "DCT"
              },
              "ImageWidth": 16,
              "ImageHeight": 16,
              "ImageDimensions": {
                "W": 16,
                "H": 16
              },
              "ImageBPC": 8,
              "ImageCS": "DevRGB",
              "Image": {
                "type": "stream",
                "raw_data": {
                  "Length": 832,
                  "BitsPerComponent": 8,
                  "Type": "XObject",
                  "Width": 16,
                  "Decode": [
                    0,
                    1,
                    0,
                    1,
                    0,
                    1
                  ],
                  "SMask": {
                    "type": "stream",
                    "raw_data": {
                      "Length": 48,
                      "BitsPerComponent": 8,
                      "Type": "XObject",
                      "Width": 16,
                      "Subtype": "Image",
                      "Filter": "FlateDecode",
                      "ColorSpace": "DeviceGray",
                      "Height": 16,
                      "Name": "NAME_dhhfejejjalpkidopacohobedpeaofjk"
                    }
                  },
                  "Subtype": "Image",
                  "Filter": "DCTDecode",
                  "ColorSpace": "DeviceRGB",
                  "Height": 16,
                  "Name": "NAME_ejbcfafidgdekfcjpagdneeojfnkcolc"
                }
              }
            },
            {
              "Page": 1,
              "ImageFilter": {
                "Filter": "DCT"
              },
              "ImageWidth": 16,
              "ImageHeight": 16,
              "ImageDimensions": {
                "W": 16,
                "H": 16
              },
              "ImageBPC": 8,
              "ImageCS": "DevRGB",
              "Image": {
                "type": "stream",
                "raw_data": {
                  "Length": 832,
                  "BitsPerComponent": 8,
                  "Type": "XObject",
                  "Width": 16,
                  "Decode": [
                    0,
                    1,
                    0,
                    1,
                    0,
                    1
                  ],
                  "SMask": {
                    "type": "stream",
                    "raw_data": {
                      "Length": 176,
                      "BitsPerComponent": 8,
                      "Type": "XObject",
                      "Width": 16,
                      "Subtype": "Image",
                      "Filter": "FlateDecode",
                      "ColorSpace": "DeviceGray",
                      "Height": 16,
                      "Name": "NAME_dmioplgfojddkednpncdajalehilmjpj"
                    }
                  },
                  "Subtype": "Image",
                  "Filter": "DCTDecode",
                  "ColorSpace": "DeviceRGB",
                  "Height": 16,
                  "Name": "NAME_bddmdhnjddpekkcgolmlnhammfefdnod"
                }
              }
            },
            {
              "Page": 1,
              "ImageFilter": {
                "Filter": "DCT"
              },
              "ImageWidth": 118,
              "ImageHeight": 26,
              "ImageDimensions": {
                "W": 118,
                "H": 26
              },
              "ImageBPC": 8,
              "ImageCS": "DevRGB",
              "Image": {
                "type": "stream",
                "raw_data": {
                  "Length": 2112,
                  "BitsPerComponent": 8,
                  "Type": "XObject",
                  "Width": 118,
                  "Decode": [
                    0,
                    1,
                    0,
                    1,
                    0,
                    1
                  ],
                  "Subtype": "Image",
                  "Filter": "DCTDecode",
                  "ColorSpace": "DeviceRGB",
                  "Height": 26,
                  "Name": "NAME_dipgmbpfnolfkioaolnpkkcekpbfohdd"
                }
              }
            },
            {
              "Page": 1,
              "ImageFilter": {
                "Filter": "DCT"
              },
              "ImageWidth": 16,
              "ImageHeight": 16,
              "ImageDimensions": {
                "W": 16,
                "H": 16
              },
              "ImageBPC": 8,
              "ImageCS": "DevRGB",
              "Image": {
                "type": "stream",
                "raw_data": {
                  "Length": 784,
                  "BitsPerComponent": 8,
                  "Type": "XObject",
                  "Width": 16,
                  "Decode": [
                    0,
                    1,
                    0,
                    1,
                    0,
                    1
                  ],
                  "Subtype": "Image",
                  "Filter": "DCTDecode",
                  "ColorSpace": "DeviceRGB",
                  "Height": 16,
                  "Name": "NAME_jecjpekhphjjkamppelcdlbcifekfgcn"
                }
              }
            },
            {
              "Page": 1,
              "ImageFilter": {
                "Filter": "DCT"
              },
              "ImageWidth": 16,
              "ImageHeight": 16,
              "ImageDimensions": {
                "W": 16,
                "H": 16
              },
              "ImageBPC": 8,
              "ImageCS": "DevRGB",
              "Image": {
                "type": "stream",
                "raw_data": {
                  "Length": 864,
                  "BitsPerComponent": 8,
                  "Type": "XObject",
                  "Width": 16,
                  "Decode": [
                    0,
                    1,
                    0,
                    1,
                    0,
                    1
                  ],
                  "SMask": {
                    "type": "stream",
                    "raw_data": {
                      "Length": 160,
                      "BitsPerComponent": 8,
                      "Type": "XObject",
                      "Width": 16,
                      "Subtype": "Image",
                      "Filter": "FlateDecode",
                      "ColorSpace": "DeviceGray",
                      "Height": 16,
                      "Name": "NAME_mnmplpkndkaikdnjbmidfihakojhkpcm"
                    }
                  },
                  "Subtype": "Image",
                  "Filter": "DCTDecode",
                  "ColorSpace": "DeviceRGB",
                  "Height": 16,
                  "Name": "NAME_oideabaghbcikbbjohdlicbnhlnmflaf"
                }
              }
            },
            {
              "Page": 1,
              "ImageFilter": {
                "Filter": "DCT"
              },
              "ImageWidth": 16,
              "ImageHeight": 16,
              "ImageDimensions": {
                "W": 16,
                "H": 16
              },
              "ImageBPC": 8,
              "ImageCS": "DevRGB",
              "Image": {
                "type": "stream",
                "raw_data": {
                  "Length": 864,
                  "BitsPerComponent": 8,
                  "Type": "XObject",
                  "Width": 16,
                  "Decode": [
                    0,
                    1,
                    0,
                    1,
                    0,
                    1
                  ],
                  "SMask": {
                    "type": "stream",
                    "raw_data": {
                      "Length": 96,
                      "BitsPerComponent": 8,
                      "Type": "XObject",
                      "Width": 16,
                      "Subtype": "Image",
                      "Filter": "FlateDecode",
                      "ColorSpace": "DeviceGray",
                      "Height": 16,
                      "Name": "NAME_eedjplemefiikhknogpgbphlfgmmipdh"
                    }
                  },
                  "Subtype": "Image",
                  "Filter": "DCTDecode",
                  "ColorSpace": "DeviceRGB",
                  "Height": 16,
                  "Name": "NAME_ndmhlfknohbdkhhhplmlaaoijfcmgklc"
                }
              }
            }
          ],
          "PageBounds": [
            0,
            0,
            595,
            842
          ],
          "LinksInPage": [
            {
              "LinkType": "External",
              "Url": "http://www.pdfpostman.com",
              "LinkBounds": [
                57.6904,
                335.8252,
                188.4277,
                348.1299
              ]
            },
            {
              "LinkType": "External",
              "Url": "http://www.encryptomatic.com/ost",
              "LinkBounds": [
                54.1016,
                348.6426,
                215.0879,
                360.9473
              ]
            },
            {
              "LinkType": "External",
              "Url": "http://encryptomatic.com/about-us/",
              "LinkBounds": [
                54.1016,
                425.5469,
                114.5996,
                438.877
              ]
            },
            {
              "LinkType": "External",
              "Url": "http://encryptomatic.com/about-us/",
              "LinkBounds": [
                54.1016,
                438.877,
                145.3613,
                451.1816
              ]
            },
            {
              "LinkType": "External",
              "Url": "skype:encryptomatic?add",
              "LinkBounds": [
                54.1016,
                466.5625,
                62.3047,
                474.7656
              ]
            },
            {
              "LinkType": "External",
              "Url": "skype:encryptomatic?chat",
              "LinkBounds": [
                62.3047,
                466.5625,
                70.5078,
                474.7656
              ]
            },
            {
              "LinkType": "External",
              "Url": "http://www.linkedin.com/in/darrenleno",
              "LinkBounds": [
                70.5078,
                466.5625,
                78.7109,
                474.7656
              ]
            },
            {
              "LinkType": "External",
              "Url": "http://encryptomatic.blogspot.com/",
              "LinkBounds": [
                81.7871,
                466.5625,
                89.9902,
                474.7656
              ]
            },
            {
              "LinkType": "External",
              "Url": "https://twitter.com/#!/encryptomatic",
              "LinkBounds": [
                93.0664,
                466.5625,
                101.2695,
                474.7656
              ]
            },
            {
              "LinkType": "External",
              "Url": "http://feeds.feedburner.com/Encryptomatic",
              "LinkBounds": [
                104.3457,
                466.5625,
                112.5488,
                474.7656
              ]
            },
            {
              "LinkType": "External",
              "Url": "http://www.youtube.com/user/encryptomatic",
              "LinkBounds": [
                115.625,
                466.5625,
                123.8281,
                474.7656
              ]
            }
          ]
        }
      ],
      "DocumentGeneralInfo": {
        "Title": "Try PDF Postman Free!",
        "Author": "darren@encryptomatic.com",
        "Format": "PDF 1.6",
        "Encryption": "Standard V4 R4 128-bit AES",
        "PDF_Creator": "Encryptomatic PDFPostman Outlook Add-in",
        "PDF_Producer": "Encryptomatic LLC",
        "Subject": "Try PDF Postman Free!",
        "Keywords": "Encryptomatic, PDFPostman, email, Try PDF Postman Free!",
        "Creation_Date": "D:20110517094723",
        "MetaInfoDictionary": {
          "Keywords": "Encryptomatic, PDFPostman, email, Try PDF Postman Free!",
          "CreationDate": "D:20110517094723",
          "Producer": "Encryptomatic LLC",
          "Title": "Try PDF Postman Free!",
          "Subject": "Try PDF Postman Free!",
          "Author": "darren@encryptomatic.com",
          "Creator": "Encryptomatic PDFPostman Outlook Add-in"
        },
        "Permissions": "print, copy",
        "Status": "PDF document with 1 update.",
        "DocWasLinearized": false,
        "DocumentUpdateCount": 1,
        "ChangeHistoryValidation": "Change history seems valid.",
        "UpdatesStatus": "Document changes conform to permissions",
        "WasRepaired": false,
        "NeedsPassword": true,
        "WasCryptedWithEmptyPassword": false
      }
    }
  ]
}