Gro\ssherr Schneider m\"u\sst \^etre f\^ach\'e! \\ mo\vzete 
t\~ommata zdrav\'im m\ruj p\vr\'iteli jak se m\'a\vs b\'yt 
lep\vs\'i to t\ve\vzk\'a \vre\vc 
\'a\'e\'ió\'u\`a\`e\"e\"i\"o\"uĳ \'A\'E\'I\'O\'U\`A\`E\"E\"I\"O\"UĲ 
pati\"ent, re\"unie, co\"ordinatie. 
Modern fonts rarely contain an Ĳ/ĳ with a 
double acute, so today it's usually represented
as \'IJ/\'ij. h\`e, bl\`eren. 
dấu nặng. 
ḃ, \.c, ḋ, ḟ, \.g, ṁ, ṗ, ṡ and ṫ. 
the Ŀ or ŀ (Ldot, ldot) characters. 
e is ɛ while \'e is [e:] \Ho is [\o:] and \Hu is [y:] 
dấu hỏ. 
H\'a\vcek is a Czech word meaning little hook. 
This mark goes by other names as well. In Slovak 
it is called m\"ak\vce\vn (i.e. “softener” or 
“palatalization mark”), in Slovenian stre\vsica 
(“little roof”), in Croatian, Serbian and Bosnian
kva\vcica (also “small hook”), and hattu (“hat”) 
in Fennic languages. 
Icelandic capital \DH appears the same as the 
South Slavic/Vietnamese \DH, but its lower case 
counterpart is different: \dh. 
French \^a, \^e, \^i, \^o, \^u. In Slovak, it is used 
with \^o. In Esperanto, with \^c, \^g, \^h, \^j, and \^s. 
In Welsh with \^a, \^e, \^i, \^o, \^u, \^w, and \^y. 
quốc ngữ. An acute can be added to ư to 
produce ứ, and a breve can be added to ơ to 
produce ờ. Naming b b\^e b\`o and p p\^e phở is 
to avoid confusion in some dialects or some 
contexts, the same for s sờ mạnh (nặng) and 
x xờ nhẹ, i i ngắn and y y d\`ai. 
Nguyễn, Đ\`inh-Ho\`a. 
In Polish, the ogonek is used with \ka and \ke for 
denoting nasal vowels. It also indicates nasality 
in a number of Native North American languages, such 
as Cayuga: \ke and ǫ, and 
Chipewyan: \ka, \ke, ɛ̨, \ki, ǫ, \ku. In Lithuanian, it 
lengthens \ka, \ke, \ki and \ku. somewhere 
between \"o and \=o. 
In Vietnamese, the tilde (or dấu ng\~a). 
including Pe̍h-\=oe-j\=i and the Taiwanese Romanization 
System. It is used above vowels to indicate a 
specific tone (called tone 8) : a̍ e̍ i̍ o̍ o̍͘ u̍. 
It is also used in the Standardized orthography of 
Congo-Kinshasa to indicate mid tone in some languages 
like Ngbaka Gbaya : a̍ e̍ ɛ̍ i̍ o̍ ɔ̍ u̍. 
(or dấu sắc)

