{
  "info": {
    "PageCount": 1,
    "PDFVersion": "PDF-1.7",
    "Chapters": 0,
    "ChapterPages": null,
    "Title": "TCPDF Example 016",
    "Author": "Nicola Asuni",
    "Format": "PDF 1.7",
    "Encryption": "Standard V1 R2 40-bit RC4",
    "PDFCreator": "TCPDF",
    "PDFProducer": "TCPDF 6.2.11 (http://www.tcpdf.org)",
    "Subject": "TCPDF Tutorial",
    "Keywords": "TCPDF, PDF, example, test, guide",
    "Creation_Date": "2015-08-02T12:22:15Z",
    "Modification_Date": "2015-08-02T12:22:15Z",
    "Permissions": "edit, annotate",
    "PDFStatus": "PDF document with 1 update.",
    "DocumentUpdateCount": 1,
    "ChangeHistoryValidation": "Change history seems valid.",
    "FormFieldSignaturesCount": 0,
    "UpdatesStatus": "Document changes conform to permissions",
    "WasRepaired": false,
    "NeedsPassword": false,
    "WasCryptedWithEmptyPassword": true,
    "HasDocumentOutlines": false,
    "AttachedFilesCount": 0,
    "EmbeddedJavaScriptFilesCount": 0,
    "DocumentIsCorrupted": false,
    "errors": [],
    "raw_multipurp_text": null,
    "raw_decoded_json": null
  },
  "complete_json_doc": [
    {
      "DocumentFilePath": "W:\\Projects\\sites\\library.visyond.gov\\80\\lib\\tooling\\qiqqa\\TestData\\data\\fixtures\\PDF\\tcpdf\\example_016.bad.XML-metadata-SHOULD-have-been-crypted.pdf",
      "GlobalInfo": {
        "Version": "PDF-1.7",
        "Info": {
          "Title": "TCPDF Example 016",
          "Author": "Nicola Asuni",
          "Subject": "TCPDF Tutorial",
          "Keywords": "TCPDF, PDF, example, test, guide",
          "Creator": "TCPDF",
          "Producer": "TCPDF 6.2.11 (http://www.tcpdf.org)",
          "CreationDate": "D:20150802122215+00'00'",
          "ModDate": "D:20150802122215+00'00'",
          "Trapped": "False"
        },
        "Encryption": {
          "Filter": "Standard",
          "V": 1,
          "Length": 40,
          "R": 2,
          "O": "EC C1 B2 78 4B B9 5F 99 75 2F 1E 46 7F BC 90 FD 81 F4 D0 C7 A4 9E BF 13 2A B4 AA 13 04 51 AC 99",
          "U": "83 1E B6 77 03 E4 7F BA 78 71 7C 71 71 D0 53 A7 84 CD A3 A8 93 FB 6B E6 08 E9 C9 84 51 BF AB 44",
          "P": 2147421992,
          "EncryptMetadata": true
        },
        "Metadata": {
          "type": "stream",
          "raw_data": "7C 4E C3 86 06 C5 93 16 C3 9A 75 17 58 C2 AA C3 88 C3 86 00 C3 91 E2 80 B9 22 41 06 16 E2 80 9C C2 BB C3 97 E2 81 84 61 0F C2 B3 C2 A8 C2 A6 C3 9F CB 87 45 C2 BF 50 E2 81 84 4C 36 6B 00 20 C3 AC 49 2A 79 00 22 47 04 C5 BE 70 37 70 EF AC 82 C2 B3 C5 92 C3 89 E2 80 9C C3 BB CB 9A 0C 27 E2 80 A1 34 10 17 C3 82 4F C3 B7 0C 26 C2 B6 4C 21 4D C5 92 E2 80 98 C2 B7 38 C2 AA 5A 5A CB 86 C2 A9 50 C5 BE 15 3F CB 87 0F C3 A9 C3 84 C3 89 C3 B0 4A 5C C2 B6 C2 A6 66 74 70 C3 B5 64 17 69 C2 AA 53 C3 91 C3 88 33 2F 44 47 C2 AA 5C 22 0E C2 BE 3F 12 05 42 C3 89 C2 AC 46 C2 B8 C3 A2 C2 A6 15 31 C3 8D E2 82 AC C5 82 C2 A3 EF AC 81 77 C3 B0 EF AC 82 25 03 60 C3 AF 39 E2 80 9E C2 B3 C2 B0 E2 80 9C 13 76 34 C2 A8 C3 B9 E2 80 9E 0E C5 92 3D E2 80 A1 00 15 C3 A1 C2 B9 C3 9F CB 99 C2 BE C3 BA CB 86 0A 2D C2 B8 01 3F 29 49 08 CB 87 C2 B7 C3 8C C2 B4 CB 87 06 C2 AA C2 A9 E2 80 93 5E C2 A9 C2 BE C3 BA 15 25 E2 80 93 C3 9C C3 A1 40 22 44 5E 4D 50 11 C2 B9 C3 A3 C3 90 35 4A 00 C3 B2 46 C3 BC 7B 58 C5 BE 2F C2 A5 03 C3 8A E2 80 B9 59 42 0D 24 7D E2 80 94 5F CB 9B CB 9B C3 92 C2 B8 51 C3 A7 C3 82 C2 BA 58 C2 A7 02 4F C3 9A 40 E2 80 9D 79 2E 44 C3 A4 00 C3 97 C3 9F C3 A4 C3 98 C5 92 5E 04 E2 80 BA C2 A7 C2 A2 20 CB 9B C2 B7 C2 BD C3 AA 7E C2 AC C3 B2 C3 B2 39 00 C3 B8 31 C3 A7 4B C5 93 7B 00 CB 9C C5 92 62 34 58 C3 88 6D 71 7A 71 C2 B2 11 C3 B9 C5 92 C2 B1 E2 82 AC 32 C2 AF 6D C3 A9 37 C2 B9 C2 BB C2 B0 05 32 47 C2 A8 7B C3 83 CB 9A 66 C5 B8 C3 98 28 C2 A8 C2 BA C3 89 22 C2 BA 5D C3 AA C5 B8 C3 9C C5 93 C3 A4 6D 38 78 28 C5 B8 64 35 C3 81 4B 03 23 CB 98 2A C3 97 03 29 C3 BC 62 76 C3 9F C3 95 57 C2 AA C3 96 E2 80 99 C2 BB E2 80 A1 CB 9D 36 55 43 E2 80 A2 C5 81 E2 81 84 C2 AA 11 C5 93 C2 B3 3C 0E 08 45 74 44 C2 B0 C6 92 CB 9A 68 6B C3 8E C5 A1 26 C3 A6 65 C2 A8 E2 80 A6 2D 35 C2 BF 54 50 E2 80 9D 54 53 C3 B0 C2 B6 C3 8F 7C 76 C2 AC 68 4D 2E C3 9D 00 C3 B3 C3 96 C2 BC 60 27 E2 80 B0 00 22 26 C3 87 C3 B7 C2 BA C3 84 41 C3 91 2F 77 4B C3 AF 54 66 C3 AA 79 C2 B8 C2 B6 2B C2 BE 37 E2 80 98 45 C5 92 E2 80 BA 49 C2 B3 C4 B1 E2 81 84 C5 81 C3 BC 35 73 00 C3 B1 C3 9F 05 00 5E 5F 50 CB 9A 49 C3 9F C2 BD C2 BF C2 AF 4F C3 B9 10 64 3E 49 52 E2 80 94 64 77 C3 A0 C2 A4 2D 53 45 78 C3 95 E2 80 B9 73 3E C5 A1 C2 B1 C3 B7 C3 B0 73 C3 9B 65 C2 B9 4C C2 B3 41 7C C3 92 C2 B4 C3 87 47 C3 A5 2A 6A 07 C3 B1 41 4E 0F 60 3A C3 B4 7C 4E C3 B6 C3 BE C3 85 CB 9C 47 C2 BE C3 B0 C2 A5 52 C2 B6 7A 78 E2 80 9E E2 80 A0 0D C3 AF 20 C3 AC C2 AF 4A C2 B7 C3 9D EF AC 81 2B 52 C5 93 C5 A1 40 5B C3 97 C5 A1 C5 A1 10 49 3E C3 A0 C2 A4 E2 80 B9 C3 BE 7B 5E 15 75 67 C3 9D E2 80 9C CB 87 6F C3 92 5B 24 4D E2 80 94 CB 9D 79 3D 48 C5 A1 C2 B4 C2 B5 EF AC 82 25 C3 8C C3 B8 E2 80 B0 C3 8B CB 9D C3 89 C3 A7 C3 94 7A C3 90 C3 A9 41 C2 B3 4C E2 80 98 42 C3 9B 49 CB 9B E2 80 B0 5D 00 CB 9D CB 9B 40 00 C2 BB C3 A7 4B C2 B1 61 30 C3 B2 C3 99 CB 9D 2A C3 B5 CB 99 37 4D 4E 02 C3 B7 C3 8E 35 C3 8A E2 80 A2 C3 BE C3 8D 32 C3 B8 63 C3 BA C3 B5 C3 BE C3 90 68 C2 BB C3 BA C3 AF C3 9C 6E 7E CB 9C C2 AF 5C C2 A5 15 70 62 07 C3 8E C3 BD 60 07 E2 80 9C C3 AA 2E C3 93 48 C6 92 7A CB 87 C2 A8 2A 5C 38 C3 A9 7C 6E C3 A9 52 C2 A5 09 4F 76 C2 A5 C5 B8 E2 80 98 36 65 09 2F C2 A1 14 C3 A5 C5 A0 C3 A1 E2 80 94 0F C5 81 01 C3 A6 51 C3 85 41 C5 A0 C3 AE 7B 00 C3 91 2B C3 B2 60 E2 80 9C C3 B9 C5 A1 61 C2 B3 E2 80 A0 6A 35 04 C2 BD 67 C3 8B C3 B0 0B 61 13 77 25 C5 93 2F C2 B3 C3 86 52 E2 80 A1 4E E2 80 99 2D 58 C2 B1 C5 BE C5 A0 63 C3 B9 E2 80 94 C3 AD 38 C2 A4 C3 85 C3 86 51 C2 B7 C2 AC C2 BD C3 B0 C3 B2 4B C4 B1 78 C3 9C C2 A9 C2 BB 15 50 50 5C C3 BD C3 88 E2 81 84 40 C3 B7 C3 8D 4E 58 00 C3 97 C2 BC 4B C3 BA 22 39 C2 AC 0C C2 B8 C3 83 E2 80 9A CB 99 03 C2 A3 75 15 06 C3 A9 C3 B3 22 6D C3 AE C3 B6 64 C3 AD 44 C3 83 C2 BE C3 B1 C2 B0 68 C2 BE 61 C3 80 C3 8B 08 E2 80 A1 58 C2 B9 C3 90 73 6B C3 B3 48 C2 A3 5A C2 A2 C2 A8 E2 80 B9 C3 85 C3 B7 6E 5E 2C 4A 07 6A 2A 03 7B 07 05 E2 80 9D C2 A7 C3 A9 7D 54 C3 A4 E2 80 94 7D C3 A4 04 C3 B5 3B E2 84 A2 C3 B7 C3 A4 E2 80 B0 35 C2 BD C2 A8 C3 91 60 C3 8E C3 BE 38 67 20 C3 93 62 C3 B5 C3 96 45 CB 9B C2 BE C2 BF 52 57 C2 AB C5 93 20 53 4A 00 0C C3 B7 C2 B0 C3 B3 C3 BC 07 C3 B9 64 24 6F 63 52 C2 BA 00 C2 A8 23 34 C3 91 03 E2 80 A6 CB 9B C3 BF C2 B7 C2 A5 44 00 0C C3 86 52 C3 85 C3 8F 6F 49 C3 A6 00 2A C2 BB CB 98 E2 80 93 C2 B8 29 C3 AA 0F 67 32 E2 80 A0 41 C3 81 35 EF AC 82 65 C2 BA C4 B1 78 3F 54 43 C3 B7 6D 02 6E 33 C3 B7 CB 98 29 C2 B5 C2 AC 4A 20 31 C2 AF C5 BD C3 9C CB 9C C3 AC C3 81 C2 A2 4F C5 BE C3 AC 74 00 54 E2 80 98 E2 82 AC C2 BF 61 C3 9B 4D 59 C3 82 60 C2 A7 7C C3 9B C5 93 6C 6A C2 B4 53 0D C3 81 3E 4E C2 B7 0E 62 45 27 C2 BF C3 A8 5C C2 B6 24 5A C3 BF C3 B2 20 E2 80 B9 E2 80 BA C2 B1 C3 91 14 C5 93 C3 9A 6B 38 2E C3 BF C3 B9 77 E2 80 94 C3 B0 C3 A5 C3 AF 12 C3 BF 26 49 C3 A3 C3 AB 53 42 33 C5 92 C3 A4 6B 32 50 C3 93 C5 93 C3 81 3D C3 AF 30 25 C3 BD 75 C2 B7 21 C3 80 55 EF AC 81 14 C2 A2 C2 BD C2 B7 3E C3 AD 45 13 0F C4 B1 2A C3 A7 6A 25 40 73 C3 98 4F 7B 02 C5 BE C2 BC 43 C3 92 C5 A1 43 3A 50 E2 81 84 72 C2 A7 2B 62 0E C3 A0 C3 A8 03 58 05 5E C3 A8 4E C2 A1 E2 80 94 CB 86 C3 80 C3 9A C2 B5 C5 A1 5C C3 B2 C3 AC C3 B9 C2 AE 0A 2F 2E 00 E2 80 B0 C2 B3 C3 BA C5 BE C2 B5 5F C2 B0 5B 5A 28 C3 8F C2 B5 C3 86 C2 B6 C3 A8 C3 8C C2 B2 C5 BE 66 7A 49 C3 81 C3 A2 04 58 31 C2 A2 E2 80 B9 3D C2 B5 C2 B3 C3 8C C3 B9 09 75 C3 92 C3 95 C3 89 C2 BB 48 CB 98 4A C3 B8 7E E2 80 9E C3 90 C2 A6 54 C3 84 E2 80 9E 21 C5 A1 26 7C C2 A7 C3 8A C2 B6 6B C3 99 C3 86 C5 92 23 7C 3F C3 80 C3 B3 C3 B1 47 6F C2 AB 27 52 79 6C C3 AC C3 8B C2 BD 7E 7B C2 A2 71 6C C2 B8 C3 A5 C2 A7 37 6B 61 C3 AB C3 93 C3 97 C2 B8 C2 B1 4C C3 BF 00 C3 90 C2 A2 C2 B3 49 2F 26 08 C2 BC E2 80 9D 45 CB 9D C3 9D C3 A2 C2 B2 37 C3 BB C2 B1 C3 82 C5 92 C2 B7 E2 80 9C C5 93 C6 92 C5 BD 0C 0F C2 B0 C3 88 E2 80 9E E2 80 9E 10 C3 88 C3 8C 39 6B 7D 39 C3 A3 C3 8B 61 C3 9F 7A 52 62 24 47 C3 95 5D C2 A1 12 C2 B3 C2 AA 7E 75 C3 86 CB 9A 70 0B C3 BF C3 A4 C3 B3 4E 2C 36 11 33 08 C5 BD C3 93 C3 9A C2 B9 C3 8F C3 AA 57 E2 80 9A 7A 54 00 6C C3 88 C2 A8 3B C5 B8 64 6F C3 90 2A C2 AA C5 93 E2 80 9D 6F C3 AF C3 A0 CB 9A 4E C3 B0 12 40 C2 B4 47 3D C5 93 5B 65 C3 9B 69 E2 80 A2 C2 A5 C3 9D C2 A8 2A 2A C3 A3 C5 82 03 C3 A8 C3 BD C3 88 C2 BE 0E E2 80 B9 27 C5 BE E2 88 92 C2 BB C3 BD C3 A9 C3 B7 E2 80 B0 3D 06 C3 B9 C3 93 0F 3E C3 82 C2 BE 41 48 51 51 48 6B 65 C3 9D 25 77 61 2B C2 B0 C3 A0 10 0E C3 A4 C3 84 C3 A1 66 55 E2 80 9C 73 36 6F C3 94 E2 81 84 41 6F C3 98 2F 46 0B 75 04 41 EF AC 81 C3 82 27 75 C2 BC C2 AA C3 9E C2 A6 13 C2 AB C3 9F C3 BE C3 B9 24 C3 A0 34 7D 31 C3 A4 C3 85 23 CB 9A C3 88 00 C3 A6 5C C2 B0 23 05 79 2D E2 80 9C 4F C3 B9 63 03 26 C5 93 4D 0C 75 63 C2 B4 E2 80 9A C5 A1 E2 80 93 C2 AB 3D C3 A9 C3 8F 46 C3 9E 23 0B C3 80 E2 80 98 C3 AA E2 80 9E CB 9C 00 47 12 C6 92 12 C3 AA C2 AE 27 C3 B3 C5 BE 3C C3 AF 00 25 C5 93 5F 4B E2 80 A2 0F 23 C3 A1 C3 AA C2 AE C2 B8 51 72 C3 8B C3 81 C3 AA 00 C3 A6 C2 A9 40 C2 B9 12 C6 92 59 07 C3 A9 C3 B2 38 C3 B5 10 C2 B7 C2 B2 C3 8A 7A C2 B7 C2 A5 5B C3 AE 5E 53 3B E2 80 93 C3 99 C2 B1 36 C2 A3 C3 98 74 6B C3 A2 C2 A3 C3 87 E2 80 BA 44 07 C2 A5 20 3A C3 B5 EF AC 81 C5 93 24 CB 87 44 58 CB 87 C3 9D C3 BC C2 BE 7A C3 A7 38 24 00 40 4D C2 A2 C3 97 69 09 C2 A4 C3 96 C5 81 C3 92 C3 8A C2 B0 C2 B1 71 C3 B5 C5 A1 3B E2 80 A2 CB 87 27 2E E2 80 BA 78 4C C3 A0 E2 80 9D 5B 2B CB 9B C2 B0 C3 A0 34 C3 B0 17 C2 B2 10 C2 BE C2 AC E2 80 93 00 C2 B7 43 28 60 02 30 CB 98 52 70 C3 AB C2 A9 C2 AC 29 5E E2 80 A0 C3 BE C3 94 C2 B9 C5 BE C2 A4 0A 49 3C 64 11 63 56 CB 99 53 C3 80 C3 88 C2 B8 C5 BD 30 4B C2 B6 C2 A9 E2 80 9A 7D C5 B8 40 4E 5C C2 AA 76 C3 AC 2A 5D 5E 08 6B C3 91 59 C2 B2 C2 A6 C2 B2 CB 98 C3 9D C3 AA 53 C3 89 C3 BC 6B 35 C2 B2 68 C3 B3 37 32 C3 A5 5A 37 69 C3 9E C2 A9 E2 80 A6 C3 90 5F 68 61 E2 84 A2 5C 0C EF AC 81 24 24 24 C5 81 E2 80 A1 6D C5 A0 C3 94 E2 80 9C E2 80 BA 6B 07 C3 B0 CB 86 24 3B 25 64 27 C2 B0 E2 80 99 69 C3 B6 C3 AD C3 B4 77 70 C2 A6 33 4B 69 04 0D C3 B7 C3 80 C3 A1 C2 A4 C2 A5 C3 85 E2 80 B9 71 4E 33 C3 AB E2 84 A2 C3 AB 40 31 CB 9D E2 80 9C 7D C3 92 C2 A1 E2 80 B0 C3 9E C3 8D C3 8B C5 A1 56 47 C3 A2 6F C3 83 2E C4 B1 6E 02 C3 AF C3 BA 07 01 33 C3 9B C6 92 40 6E 26 14 2A C3 AE 73 C3 B4 14 5E E2 82 AC 3A 03 C2 B3 C3 98 7C C3 96 C3 9B C3 81 3D 33 E2 80 B0 07 C3 BB 59 E2 80 9C 68 C3 A8 C3 8B C2 B5 C2 AC 3B 50 10 5B C2 B6 31 C3 90 69 01 C3 BD 35 48 7E 26 7C C3 9F CB 99 54 E2 80 94 27 45 C5 93 46 58 54 06 02 C3 A1 34 7A C2 A7 C3 BE E2 80 A0 C3 9A 10 C3 B6 17 C3 A2 56 C2 B9 E2 81 84 2B 15 41 C3 A4 E2 80 94 70 6C 4E 2D C2 A7 C2 A4 C3 99 E2 80 9E CB 9A 5F 4C C3 A3 07 32 62 09 C3 93 65 30 14 64 43 C2 A5 59 C3 9A 00 C3 B5 CB 9A C5 82 C3 A1 C3 88 7E C5 93 C3 82 C3 89 53 C3 9A C2 BC C3 94 C3 BA 3D 63 6A 70 30 27 49 3F C2 A5 55 03 26 5C 05 C3 AF C2 AB 06 C3 8E 66 C3 8F C3 A1 C2 A9 35 C3 9B 2E C3 99 74 25 49 E2 80 99 C3 86 3D 6E 07 C3 8B EF AC 81 6C CB 9C C2 A2 02 52 5C C3 A6 5B C3 BE C2 B0 C3 A0 61 EF AC 81 6E 2E 17 C4 B1 C3 97 7D 2C 53 11 0E C3 BC 64 CB 9C C3 8F 5A CB 98 CB 98 C2 A4 C3 AB C2 B5 E2 82 AC C2 AB C3 8D C2 BD C2 B1 43 17 42 C3 BC C3 A8 C3 81 7A 5A 75 6C C3 97 79 E2 81 84 C3 8E C2 BC C2 BC C4 B1 69 44 77 31 00 CB 87 C3 A3 C3 A7 C3 A9 2E 31 0E 32 C3 9F C3 AB 6B C2 AB C2 A8 C3 BC C2 AF 0D 23 C3 97 C2 A4 72 61 40 C3 8D 55 C5 A1 C2 AF CB 87 48 09 2D 6E 2F C3 B1 2A EF AC 82 2A CB 99 CB 9A 13 43 C2 A9 7D 39 00 C3 B3 E2 80 9A 64 00 0B C3 9C C2 B9 C3 A4 45 C3 8B C3 BC 0B 46 C3 98 C3 9A C3 BB C2 A6 26 C3 92 C6 92 C3 A2 5C C3 8A 30 52 02 C3 B8 C2 B2 C3 84 6E C3 BF E2 80 BA C2 BD CB 9C C3 BD C5 81 C3 92 C3 8D C3 88 C3 9F 07 E2 80 9E 3A 54 E2 84 A2 24 C2 A5 50 C2 B5 E2 81 84 C3 BB 28 C5 92 67 30 6D 08 C3 96 00 C3 A6 E2 80 B9 C3 92 C3 95 73 C2 A7 C3 99 C3 A3 C3 A3 10 C5 A1 CB 9C 4B 43 43 E2 82 AC C2 AC 5C C3 AF 0D 2A 6D C3 A0 C3 8F C3 97 C3 9A 3C C3 87 E2 82 AC C3 8D C2 A6 C3 9E 57 25 5F C2 B5 C3 AB 54 20 C3 90 C3 AB C2 B6 C3 B3 65 E2 80 9A 04 E2 81 84 63 03 C3 A9 00 C3 B2 32 C5 A1 57 C3 86 78 78 6A E2 80 93 77 43 29 CB 98 C4 B1 38 75 C3 84 C3 91 07 04 C3 A0 C5 BD 2B 29 37 3E E2 80 99 43 C3 8D 2D 73 08 5F 00 47 C3 B9 C4 B1 C2 A1 3F C3 9F 0B 7D 6E 66 47 C3 93 C2 AC 44 C2 BA 54 4D 6A C2 B7 2D 68 4F 76 C3 BA C3 8A 08 34 C2 BE 34 04 00 7B C3 BB 5F C3 AF C2 A1 C2 B7 CB 9A 5B CB 9A E2 80 9E 7C C2 A9 6D C2 AF E2 80 9D C2 B2 0C C3 A5 C3 B6 7C 47 25 2F 51 78 14 3E C3 A9 C2 A5 E2 80 BA C2 B9 79 E2 80 BA C3 A1 29 C3 83 3F 44 0F E2 80 98 2A 76 7A 0E 5D 27 78 0A C2 AF 52 4A C3 90 C2 AF 45 C3 B6 3C C3 A6 63 C3 9C 25 E2 80 BA C3 A8 0E C3 B5 24 E2 80 93 E2 80 94 4C C3 AE 17 C3 84 12 E2 80 B0 E2 80 A1 2D C3 BF 24 24 C2 B1 C3 BD C3 90 C3 A4 35 E2 81 84 C2 BA 26 38 C5 A0 2E C5 92 C2 A7 C2 AA C3 BA C3 A5 67 C3 97 15 C3 9B 61 4D C2 B5 C2 B3 C3 80 47 35 34 0C C3 97 26 E2 80 98 C3 86 6F 79 C3 A3 C2 B4 C2 BB C3 B7 0E C3 95 07 05 C2 A1 43 C2 AB 5D 6B 7E 6D C2 B7 C3 AF 23 C3 B8 57 00 E2 80 B9 C3 AF C2 B5 C2 B5 C3 84 C2 BD 6C E2 80 A2 62 C3 A1 C5 81 C3 BE C2 B9 C5 93 C5 81 08 C6 92 3C C2 A4 47 10 0A 35 39 14 6F C3 89 39 C3 B5 15 22 C5 B8 C6 92 C3 AD 58 C3 8F C3 BB C2 B0 43 3C C5 92 12 C3 94 C2 BD 65 42 C5 A0 C3 B4 00 C3 A5 46 60 00 15 07 E2 80 A2 C3 B7 00 79 CB 98 20 62 C3 A1 6C 04 4E C3 B8 06 C2 B1 46 57 C3 B5 C3 B0 C2 BA C2 B8 34 07 C3 8F C3 9A E2 80 A2 E2 80 A2 43 C3 89 54 3A C3 8A 7B 01 7D C3 BD C2 BA 7A 3C C2 B3 C5 BD 3C C3 94 4A CB 9A C3 9F 31 C3 9F C3 A4 53 C3 84 70 C2 B3 C3 86 C3 8E 3A 5F C3 A3 C2 BB E2 80 A6 C2 A7 C3 BF 45 27 C3 83 3C C2 B8 C3 B0 45 6D C3 95 6D E2 80 9A 13 7C 29 32 C3 B1 4F 60 07 22 23 C3 BD C3 AC C3 AC 66 33 C2 A6 3E 12 C3 A5 67 C3 87 C3 B6 13 C2 BC 52 24 C5 82 C3 A3 4E 7E E2 80 94 C3 B9 56 25 22 01 61 C3 9C 62 C3 86 C2 B1 C3 94 5A C3 9A C3 BB 43 C3 92 C5 82 E2 80 A2 C2 BF E2 80 BA 17 C3 9D 14 7C 0F 5C 37 C2 AF C3 B0 25 6E 00 5D C3 97 C3 95 C2 B7 10 35 C3 8F CB 9C C2 B2 C2 A7 C2 A5 C3 BB E2 80 A2 C3 A4 09 E2 80 9E C3 99 5B 2A C3 B9 C2 BD 64 11 68 00 71 E2 80 A0 23 C3 AC 64 C3 B4 35 0E 05 24 C3 AC 2B 3B C3 89 C3 A9 C2 B5 C3 A5 74 C3 BC 00 C3 BE C2 A1 54 C3 8C C3 A2 C3 99 3C 65 0B E2 88 92 00 C5 BD 5F 5A 7C C3 85 59 21 67 08 C2 BB C3 8D 57 C2 A8 10 39 6B C5 BE C5 A0 C6 92 02 EF AC 82 C3 87 55 C3 B7 E2 80 A6 EF AC 81 53 C3 BF 26 65 C3 A8 53 CB 9A C3 AC C3 91 41 C5 BD C2 A9 C3 9B 01 00 C3 86 00 C2 BA C3 A2 09 C3 BD 40 C3 8A C3 88 77 CB 86 E2 80 98 C3 B8 E2 80 93 2F 06 5A 00 32 C3 83 E2 82 AC C3 AA C4 B1 16 2D 21 C5 82 20 2F C2 A7 14 C2 B9 74 CB 87 E2 80 BA 29 C3 97 EF AC 82 42 78 C3 B9 7D 2B 28 C2 A2 6D C2 BF 74 44 0F C3 9C 66 30 05 C3 86 C3 80 69 52 E2 88 92 31 C2 B2 C3 B7 72 34 C3 A6 21 C2 B6 5D 72 58 C3 94 C5 BD C3 A0 C2 BA E2 82 AC 14 7E 3A 14 0E 5B C3 8D E2 80 9C 53 C3 97 C3 A4 5E 46 CB 98 C5 A1 06 C2 A6 E2 80 B9 C2 BC C2 B0 12 78 C3 BE C2 A6 6E C2 AA E2 88 92 69 42 4B 14 51 56 C2 B1 C2 A1 6E 73 72 48 C5 A1 27 61 0E C3 B1 C2 A7 C3 AA C3 92 C2 AA C3 9D 5B 3C 0B CB 9B 0E 5D C3 90 72 C3 96 65 C3 96 C3 A7 C3 A6 62 C3 94 C2 B8 C3 AF E2 80 98 C3 BF 75 CB 9A C2 AF C3 8A C3 86 6D C3 A8 E2 80 A2 C3 97 C2 A5 7E E2 84 A2 72 C5 BD 25 4D E2 80 9D 42 27 C2 BA C2 B5 C2 A2 E2 80 9D C2 BF C3 B1 C6 92 C3 8B C3 A8 E2 80 9E 65 C2 A5 C3 BD 3C C3 A2 C3 80 35 67 C3 B4 CB 9D C5 92 C3 BA C2 A6 C3 82 C3 9F 03 3E 16 35 73 20 C2 B7 C3 B1 C3 B1 CB 87 E2 80 B0 23 48 59 C2 BB 32 22 08 C3 84 03 C3 8D 2D C2 A9 5D C2 A7 50 CB 87 C3 9D C2 B9 4E C3 A3 C3 BD C3 BC E2 80 A1 C6 92 E2 80 98 30 67 C3 8B C5 A1 6C C5 92 C2 B1 C3 A8 31 30 00 C3 A9 C2 A6 C3 B3 7C C3 BD C3 9F 78 4C 76 5E 4E C2 A9 C2 AE 31 01 C3 A3 C3 B9 C3 92 C3 AE C2 A7 02 6F 0B 44 C3 BC C2 AE C3 B1 C3 84 C2 A4 4F C3 92 4E C3 82 C3 85 C3 BD C2 A7 C3 8B C3 B7 E2 80 A1 C3 B7 55 E2 80 93 57 41 C3 BD C3 BD E2 84 A2 3B 40 C3 96 E2 80 98 7C C3 B9 78 C2 B7 C3 97 73 42 E2 80 9E C3 92 C2 A1 C2 B7 C5 93 01 04 2F 06 C3 AB C3 97 0C 46 6C C6 92 78 5D C2 AC 56 C2 A1 76 C3 A8 C3 B2 5A 28 42 52 C3 95 25 13 62 C5 93 C2 B6 C2 BC C3 8D C5 BE C3 98 C3 8D 40 C2 BF C6 92 78 00 C3 AA 66 C2 B7 E2 80 9C 3D 6A CB 86 E2 80 B9 30 65 71 C2 A5 08 6D C2 B3 C3 BB 51 49 3D 00 2F 4D C3 92 20 E2 80 A0 00 2B 22 C3 A3 C2 A7 C2 BD C3 93 C3 9E 51 71 C3 B4 C3 A0 C3 B8 00 C3 B0 E2 82 AC C3 B4 C5 82 71 C3 92 4D CB 99 11 24 C2 AC C3 95 C3 AE E2 80 B9 C3 BB 53 C2 A8 65 C3 BB C3 B8 2A E2 80 9D C3 91 C5 92 C3 A5 7E C3 AD C5 B8 33 27 C3 AE C3 B3 5D C5 B8 3F C2 BC C3 87 3D 00 C3 9C 0B 50 C5 81 C3 BF E2 80 93 C3 8B 7D 5D C3 99 2E 0F E2 80 98 C5 81 37 E2 81 84 E2 88 92 3A C3 8E 17 C3 BD 23 C2 A1 C2 A2 0D C3 84 CB 98 02 C4 B1 39 C3 AF C3 A3 14 16 E2 80 A0 E2 80 A0 28 25 C3 AD 64 6A 47 C3 A5 E2 81 84 4F 52 22 20 C3 AE C5 93 71 C5 93 C3 8D 57 C3 8E 41 05 3D 35 C2 B8 E2 80 A0 C3 8A 5C C3 97 C3 B7 C2 A9 0D 72 C2 A2 E2 80 9E C2 AF C3 A9 02 16 4C C2 BB C2 AB E2 80 B0 CB 86 C3 B2 7B 77 C5 82 4B C2 A3 C3 9B C3 A1 C5 93 4B 00 7B 69 15 C3 8D C3 92 03 59 C5 BE 53 2A C3 B5 C3 86 36 C3 92 C3 9E 5D 74 C5 BD 3B C2 AC C3 BC E2 80 A6 C3 8B 23 2E 54 C2 BD 4E C3 89 E2 84 A2 E2 80 94 49 C3 9F 38 C3 B2 C2 B6 4C CB 9C 00 6C C3 8D 31 02 C2 AB C5 81 45 5D C3 96 EF AC 81 53 CB 9A C3 BD C2 B4 00 C3 BC C5 A0 38 00 53 C3 B5 3B 26 E2 80 98 C3 8D E2 80 B0 C2 A6 C3 AF E2 88 92 01 71 C3 81 00 E2 80 A2 C5 93 C5 81 C2 A9 71 11 2B 35 3F 73 7A C2 B2 C3 A1 C3 BA C6 92 C2 B6 2F C2 B8 C2 B6 0B C5 93 C3 8C C3 97 C3 89 C2 A4 71 0B 0B CB 9A E2 80 A6 C5 BE 6D C2 BD 4D 66 C3 B5 C2 BB C2 AB 2A 0E 2F C3 80 C3 B6 C3 9D C3 85 3D C3 91 C3 97 C2 AC E2 80 9E C3 96 C3 95 46 C2 AA E2 80 B9 E2 80 B9 C2 A2 C3 B5 0B C3 8F 45 C3 A0 CB 9B C3 83 64 C2 A1 C2 AE 06 C2 B0 C3 88 C6 92 3F E2 80 98 C2 B5 23 C2 A9 03 C3 88 09 3A C3 B1 78 3F C3 82 CB 9D 4C C2 B6 39 00 37 0E 25 50 C2 B5 3F C3 94 74 30 57 0A C3 8A C3 A7 07 45 73 4C 04 C3 BD 16 C3 9D 53 C5 A0 6F C5 93 CB 9C E2 80 94 0D 5D 6A 12 72 C2 A4 E2 80 A1 47 11 C2 A4 07 31 73 C5 A1 C3 A5 5E 6F C3 AB C3 B6 C3 92 C2 A6 0A C3 9A 66 66 23 C3 81 00 20 3A E2 82 AC C2 B6 C3 83 C3 BB CB 98 50 44 C2 A1 62 4A 20 31 C2 AA E2 80 B0 57 C3 88 CB 9A C5 82 09 4D 57 C2 A6 C3 BB C5 92 38 53 C3 9D C3 89 C5 A1 E2 84 A2 77 47 14 6C E2 80 BA E2 80 94 5E C2 BF 21 C3 87 36 04 C3 A7 C3 A3 C3 82 C3 A6 C4 B1 70 C3 A4 E2 80 9C C2 BB 6C 2E CB 87 C3 AE 0D 3F 37 C2 AB 6A 64 06 C3 B6 E2 80 A1 60 CB 87 16 05 12 51 67 6D C3 A1 C4 B1 C3 89 E2 80 B0 45 14 C2 A3 E2 88 92 C5 B8 2B C3 94 CB 98 C3 A5 24 09 C2 B1 59 7D C2 BD 31 68 6D 2A E2 80 A1 C2 AB 31 00 C2 AC 64 25 09 EF AC 81 C2 BC 00 E2 80 9D E2 80 9D C3 A8 C3 AB CB 9C C6 92 68 E2 80 BA 11 C3 B2 C3 AF C5 82 12 C3 BD C3 8B 07 33 4A C3 AF C3 8B 35 C2 B2 4D C5 BE C3 85 2F 51 47 C3 94 23 52 C2 B7 C3 AA 32 C3 83 62 C3 9E C2 B4 CB 86 CB 9A 45 63 C3 AE 6E C3 89 04 C3 A3 E2 80 93 39 72 C2 A3 30 32 C3 83 55 01 15 C2 A1 7D C5 BD 6D C2 B9 C3 92 C3 95 12 0A 0E 0B 2D 3A 62 2F 00 C3 96 C2 AE C4 B1 00 C3 A6 C2 BF 7B 14 4C 36 66 C3 9F 7D C3 8D 27 E2 80 A1 C2 A5 C3 B1 53 7D 6A 35 C2 B5 42 6C C3 93 C2 A5 C2 A5 C3 85 CB 99 C2 AF 50 C5 82 47 54 59 3D C3 A6 6F 36 C3 B2 CB 87 E2 82 AC C3 89 C3 97 62 78 C3 BB C3 95 24 29 C3 AD 67 C2 B6 48 33 C5 B8 52 26 07 2B 66 C3 B6 C4 B1 C2 A6 49 C2 BB CB 9D C3 86 65 60 C2 BB 0D 73 3F 54 C5 A1 C4 B1 4D 7D C3 B3 C5 B8 2C C2 B4 C2 B3 54 62 61 C5 93 C3 84 6B C5 81 49 C5 B8 0C C3 9C 64 C3 A4 E2 80 9D C2 AE 02 C2 BE C2 BE 20 CB 9C C2 AC C3 AC C2 B1 C3 98 C2 AF 15 C2 B5 E2 80 A2 20 CB 9D C3 BE 68 C3 8B 5D 21 C3 84 44 06 35 C2 B6 C2 AB C3 8D C3 A9 3F CB 9C 2C 51 E2 80 94 C3 83 C3 BF 7B 46 C3 86 C3 B4 C3 BC E2 80 98 C2 AE 45 7B E2 88 92 C3 8A 01 C3 8C C3 90 C3 A6 41 C2 B2 C3 92 4C 2B C2 AC C5 82 5B C6 92 C2 B0 C3 86 C5 92 C5 BE C3 83 C3 BD 6B C3 98 59 C2 B6 78 C2 A5 C3 94 33 00 C3 B3 14 0F 34 C3 BB 5F 47 4C E2 80 B9 25 C3 AC E2 80 94 C2 B3 0D C3 89 74 C5 A1 C2 B9 C3 8C E2 80 9E 5B 41 7B 4E 4C C3 A9 C3 A4 7C C3 9D C3 B0 4D C3 8E C2 A5 C3 A9 4F 21 C3 8C C3 93 54 C3 A0 54 C3 A1 33 E2 80 93 C4 B1 EF AC 82 05 2A 59 C3 8D C3 AD C3 88 C3 AE C2 A9 28 C3 A6 C3 A8 C2 AB E2 80 A0 CB 98 C2 B8 22 C3 86 24 C3 BC 4F C3 AE 4C 00 58 C6 92 EF AC 82 C3 94 C2 B9 C3 AA 0F C2 A9 C5 A0 C3 9C C2 AF 2C 76 C5 A0 EF AC 81 C3 AA C2 B9 C2 AA C6 92 C2 A8 CB 98 C3 B9 C2 B8 33 68 79 2B C2 BE C3 BE 75 CB 9C 24 16 00 5E 4D E2 80 A2 C3 9E 13 2E 5B CB 9A 4C 21 29 0A 32 E2 80 9D C3 BC C2 A5 CB 87 4F 22 C5 A0 46 60 C2 B3 CB 98 5C 33 74 24 CB 86 C3 80 11 C3 85 11 C3 90 3C C2 A2 C3 93 09 C3 8B E2 80 A2 30 C2 B7 06 76 47 5B C3 AD 38 07 C2 B3 69 31 C2 A2 C2 A7 C3 9A 02 78 51 C3 82 C6 92 6A C3 AF 56 E2 80 99 0E E2 80 94 57 69 C2 AE 2C 12 C3 9B C3 A0 62 6F 24 C3 A5 70 C2 AA E2 80 93 68 C3 83 64 C3 A2 C2 AB 38 54 5B 30 C3 BF C2 AA 4E C5 82 20 5D C3 B5 C3 B6 C2 B7 C2 B3 C3 AD 42 C3 A3 C3 A6 32 CB 87 5F 45 42 C3 BB 74 7B 3D 68 C2 A4 C3 82 C4 B1 C6 92 C2 AB C3 99 EF AC 81 C5 93 52 CB 99 C3 BF E2 82 AC 54 E2 80 9A 48 53 E2 81 84 E2 80 98 72 C3 BD 3D C2 BD 25 C3 B5 C2 B3 20 E2 80 98 4B C2 AA 16 09 C3 B7 7E C3 96 15 C3 BF C3 BF 5C C3 BB C3 8F C2 B6 55 C6 92 0F C3 A4 C3 81 3F 59 E2 80 9C 49 56 33 C2 A7 C3 BF C3 A4 C2 A5 4F 3E C3 97 C2 B0 CB 99 7B C2 AB 3C 73 C3 A8 C2 B3 0A 5D CB 87 3B C5 82 53 67 03 C3 A1 C3 B7 C3 8F 30 59 C3 91 E2 80 A2 C3 AB 76 C3 83 E2 88 92 56 27 C3 93 0B 6A 0F 40 2C 68 C2 BD C3 85 05 2A 7B C3 B8 E2 80 B0 C3 9E 42 CB 9C C2 B5 C3 8D 2F 23 34 C5 93 C3 96 E2 80 9D C2 AE 07 C3 8F 3D C2 AB C3 B9 55 71 C3 9D 65 C3 98 47 2A C5 A1 C2 B6 EF AC 81 C3 8B 61 78 C5 B8 C2 AE E2 80 A1 C3 A4 C2 A2 C3 8D C4 B1 C3 B8 6E C3 98 C3 A9 C3 AE C3 AE 6E E2 80 BA 61 13 C3 8D 45 23 C3 AB E2 80 99 C3 BB 7D C2 AC C3 81 C3 96 C4 B1 C3 AB 53 00 00 06 C5 93 17 2C 67 C3 A4 C3 A4 C3 8F E2 80 9D C5 92 C3 AE C3 A6 77 C3 AE 5C E2 80 B0 C5 92 C3 A5 EF AC 81 C3 8F C3 BE C2 A2 C2 A5 C3 B8 09 5A 65 E2 88 92 0B C3 B4 CB 9C 09 E2 88 92 C3 83 07 4A E2 80 B9 E2 80 9E C3 B4 01 C5 A1 E2 80 9E C5 BE C3 88 25 C3 AC 5F 24 CB 9C 76 C2 A4 47 E2 80 94 CB 98 30 32 64 62 78 4E 10 E2 81 84 C3 BE 54 C3 BC 34 C2 BD C2 B9 C3 A8 C3 8E CB 9C 6A C5 82 39 0E 44 C2 B7 C2 BD C3 94 C2 BE 09 25 C2 B8 C3 88 C2 A9 6E 74 00 5A C3 A1 00 C3 95 C3 BB 6E C5 92 C3 BD 0D 73 EF AC 81 C3 90 6F C3 8B 64 7B 0B 4C E2 80 93 E2 80 A2 C2 A7 00 46 C3 AF 4F C3 BB 41 C3 A4 38 42 67 5D 2F E2 80 B9 67 C3 87 C3 83 C3 A3 15 E2 80 BA C3 AC E2 82 AC E2 80 9D 49 C3 B5 C3 8F 69 5E C2 AB C5 92 05 C2 BB C3 81 27 C3 8B C3 89 C2 AC C3 9B C3 BD 25 54 3F 0A C3 A4 C3 BC 28 C2 A7 56 EF AC 82 C3 B3 C3 96 3B C3 83 C3 BB 4F 04 41 22 28 7C 0F C3 A3 77 C3 85 66 5F 5D C3 91 3E 4B E2 80 BA C3 91 C3 87 C3 A5 CB 9C 00 C3 86 C3 B5 2F 02 C3 9B 0C C3 BA 69 46 45 E2 80 9E C3 92 C3 97 68 C2 A5 11 C3 9E C3 9C C3 AF 33 57 7B C3 98 C3 8D C2 A3 25 20 C3 B7 C2 BF 74 C3 82 C3 9D 30 14 CB 9B 00 C5 B8 C3 A2 C2 A2 61 C3 97 C3 AD C3 9E E2 80 94 C3 96 68 C2 B9 35 03 C3 A8 C3 87 04 64 C3 B4 29 C3 B2 C3 94 E2 80 A6 26 10 79 C3 9C C3 93 0F C3 AD C3 A5 C2 B3 C3 88 65 55 C3 A8 76 C3 8D C2 BD C2 A7 C3 96 5A 12 22 CB 9D 4B 00 C3 BC 6E CB 9B C2 BF 2D CB 87 00 5D 70 C3 BC 2C E2 80 93 E2 80 A6 10 22 E2 80 A0 00 C2 B6 C2 B8 72 C3 89 C5 BD 04 50 5C C3 BA C3 B2 C5 93 47 C2 B9 C2 A8 C3 BC 0C 49 E2 80 A2 EF AC 82 C3 82 49 C2 A3 6C 0A C3 B8 E2 80 A0 C3 8F C3 A2 C3 B6 69 C3 A5 E2 80 A1 39 C3 B0 E2 80 A1 C3 95 E2 80 BA C3 AF 31 C3 A8 C3 98 EF AC 82 C2 B1 50 E2 80 9C C2 A3 41 4A 68 21 5B C4 B1 C3 AF C2 AF 2C 49 39 47 C5 BD 37 C3 BA C3 B2 C3 A2 C3 A3",
          "parsed_data": "(error: unable to parse content as XML)"
        },
        "Pages": 1,
        "Chapters": 1,
        "DocumentOutlines": [],
        "AttachedFiles": {},
        "GatheredErrors": {
          "Log": "syntax error in XML; unable to parse content as XML\n",
          "LogOverflow": false
        }
      },
      "FirstPage": 1,
      "LastPage": 1,
      "PageInfo": [
        {
          "PageNumber": 1,
          "Mediaboxes": [
            {
              "Page": 1,
              "Bounds": [
                0,
                0,
                595.276,
                841.89
              ]
            }
          ],
          "Fonts": [
            {
              "Page": 1,
              "FontType": "Type1",
              "FontName": "Helvetica",
              "FontEncoding": "WinAnsiEncoding"
            },
            {
              "Page": 1,
              "FontType": "Type1",
              "FontName": "Times-Roman",
              "FontEncoding": "WinAnsiEncoding"
            },
            {
              "Page": 1,
              "FontType": "Type1",
              "FontName": "Helvetica-Bold",
              "FontEncoding": "WinAnsiEncoding"
            }
          ],
          "Images": [
            {
              "Page": 1,
              "ImageFilter": {
                "Filter": "DCT"
              },
              "ImageWidth": 354,
              "ImageHeight": 118,
              "ImageDimensions": {
                "W": 354,
                "H": 118
              },
              "ImageBPC": 8,
              "ImageCS": "DevRGB",
              "Image": {
                "type": "stream",
                "raw_data": {
                  "Type": "XObject",
                  "Subtype": "Image",
                  "Width": 354,
                  "Height": 118,
                  "ColorSpace": "DeviceRGB",
                  "BitsPerComponent": 8,
                  "Filter": "DCTDecode",
                  "Length": 17633
                }
              }
            }
          ],
          "PageBounds": [
            0,
            0,
            595.276,
            841.89
          ],
          "LinksInPage": [
            {
              "LinkType": "External",
              "Url": "http://www.tcpdf.org",
              "LinkBounds": [
                2.835,
                839.734,
                19.005,
                840.89
              ]
            }
          ]
        }
      ],
      "DocumentGeneralInfo": {
        "Title": "TCPDF Example 016",
        "Author": "Nicola Asuni",
        "Format": "PDF 1.7",
        "Encryption": "Standard V1 R2 40-bit RC4",
        "PDF_Creator": "TCPDF",
        "PDF_Producer": "TCPDF 6.2.11 (http://www.tcpdf.org)",
        "Subject": "TCPDF Tutorial",
        "Keywords": "TCPDF, PDF, example, test, guide",
        "Creation_Date": "D:20150802122215+00'00'",
        "Modification_Date": "D:20150802122215+00'00'",
        "MetaInfoDictionary": {
          "Title": "TCPDF Example 016",
          "Author": "Nicola Asuni",
          "Subject": "TCPDF Tutorial",
          "Keywords": "TCPDF, PDF, example, test, guide",
          "Creator": "TCPDF",
          "Producer": "TCPDF 6.2.11 (http://www.tcpdf.org)",
          "CreationDate": "D:20150802122215+00'00'",
          "ModDate": "D:20150802122215+00'00'",
          "Trapped": "False"
        },
        "Permissions": "edit, annotate",
        "Status": "PDF document with 1 update.",
        "DocWasLinearized": false,
        "DocumentUpdateCount": 1,
        "ChangeHistoryValidation": "Change history seems valid.",
        "UpdatesStatus": "Document changes conform to permissions",
        "WasRepaired": false,
        "NeedsPassword": false,
        "WasCryptedWithEmptyPassword": true
      }
    }
  ]
}