{
  "Items": [
    {
      "Type": "article",
      "Key": "Fritz2012",
      "Exceptions": [],
      "Warnings": [],
      "Fields": {
        "author": "Fritz, U. and Corti, C. and Päckert, M.",
        "date": "2012",
        "doi": "10.1007/s13127-011-0069-8",
        "journaltitle": "Actes du 4\\textsuperscriptème Congrès Français d'Acoustique",
        "pages": "71--80",
        "shortjournal": "Actes 4ème Congrès Fr. Acoust.",
        "title": "Fritz2012",
        "volume": "12"
      }
    },
    {
      "Type": "article",
      "Key": "Fritz2012a",
      "Exceptions": [],
      "Warnings": [],
      "Fields": {
        "author": "Fritz, U. and Corti, C. and Päckert, M.",
        "date": "2012",
        "doi": "10.1007/s13127-011-0069-8",
        "journaltitle": "Actes du 4\\textsuperscriptème Congrès Français d'Acoustique",
        "pages": "71--80",
        "shortjournal": "Actes 4ème Congrès Fr. Acoust.",
        "title": "Fritz2012a",
        "volume": "12"
      }
    },
    {
      "Type": "article",
      "Key": "Fritz2012b",
      "Exceptions": [],
      "Warnings": [],
      "Fields": {
        "author": "Fritz, U. and Corti, C. and Päckert, M.",
        "date": "2012",
        "doi": "10.1007/s13127-011-0069-8",
        "journaltitle": "Actes du 4\\textsuperscriptème Congrès Français d'Acoustique",
        "pages": "71--80",
        "shortjournal": "Actes 4ème Congrès Fr. Acoust.",
        "title": "Fritz2012b",
        "volume": "12"
      }
    },
    {
      "Type": "article",
      "Key": "Fritz2012c",
      "Exceptions": [],
      "Warnings": [],
      "Fields": {
        "author": "Fritz, U. and Corti, C. and Päckert, M.",
        "date": "2012",
        "doi": "10.1007/s13127-011-0069-8",
        "journaltitle": "Actes du 4\\textsuperscriptème Congrès Français d'Acoustique",
        "pages": "71--80",
        "shortjournal": "Actes 4ème Congrès Fr. Acoust.",
        "title": "Fritz2012c",
        "volume": "12"
      }
    },
    {
      "Type": "article",
      "Key": "Fritz2012d",
      "Exceptions": [],
      "Warnings": [],
      "Fields": {
        "author": "Fritz, U. and Corti, C. and Päckert, M.",
        "date": "2012",
        "doi": "10.1007/s13127-011-0069-8",
        "journaltitle": "Actes du 4\\textsuperscriptème Congrès Français d'Acoustique",
        "pages": "71--80",
        "shortjournal": "Actes 4ème Congrès Fr. Acoust.",
        "title": "Fritz2012d",
        "volume": "12"
      }
    },
    {
      "Type": "article",
      "Key": "Fritz2012e",
      "Exceptions": [],
      "Warnings": [],
      "Fields": {
        "author": "Fritz, U. and Corti, C. and Päckert, M.",
        "date": "2012",
        "doi": "10.1007/s13127-011-0069-8",
        "journaltitle": "Actes du 4\\textsuperscriptème Congrès Français d'Acoustique",
        "pages": "71--80",
        "shortjournal": "Actes 4ème Congrès Fr. Acoust.",
        "title": "Fritz2012e",
        "volume": "12"
      }
    }
  ],
  "Comments": []
}