{
  "Items": [
    {
      "Type": "book",
      "Key": "west_introduction_2000",
      "Exceptions": [],
      "Warnings": [],
      "Fields": {
        "author": "West, Douglas Brent",
        "date": "2000-08-22",
        "edition": "2",
        "isbn": "978-0-13-014400-3",
        "pagetotal": "470",
        "publisher": "Prentice Hall",
        "title": "Introduction to Graph Theory"
      }
    },
    {
      "Type": "book",
      "Key": "skubala_modellierung_2012",
      "Exceptions": [],
      "Warnings": [],
      "Fields": {
        "author": "Skubala, Adam",
        "date": "2012-09-27",
        "location": "Masterthesis, Fakultät Statistik",
        "publisher": "TU Dortmund",
        "title": "Modellierung Niederfrequenter Schwingungen in Einem Elektrischen Energienetz"
      }
    },
    {
      "Type": "article",
      "Key": "michigami_development_1995",
      "Exceptions": [],
      "Warnings": [],
      "Fields": {
        "author": "Michigami, Tsutomu",
        "date": "1995-12",
        "doi": "10.1002/eej.4391150705",
        "journaltitle": "Electrical Engineering in Japan",
        "number": "7",
        "pages": "49 - 68",
        "title": "Development of a New Two-Input PSS to Control Low-Frequency Oscillation in Interconnecting Power Systems and the Study of a Low-Frequency Oscillation Model",
        "volume": "115"
      }
    },
    {
      "Type": "report",
      "Key": "brato_stability_2014",
      "Exceptions": [],
      "Warnings": [],
      "Fields": {
        "author": "Brato, Sebastian and Surmann, Dirk and Krey, Sebastian and Götze, Jürgen and Ligges, Uwe and Weihs, Claus",
        "date": "2014-02-11",
        "institution": "Technische Universität Dortmund",
        "location": "Eldorado",
        "number": "2003/32864",
        "title": "Stability Analysis and Clustering of Electrical Transmission Systems",
        "url": "http://dx.doi.org/10.17877/DE290R-13190"
      }
    }
  ],
  "Comments": []
}