{
  "Items": [
    {
      "Type": "article",
      "Key": "Brons:pretest",
      "Exceptions": [],
      "Warnings": [],
      "Fields": {
        "author": "Brøns, Morten",
        "note": "Hello  hej",
        "title": "$pretest$"
      }
    }
  ],
  "Comments": []
}