{
  "Items": [
    {
      "Type": "online",
      "Key": "InputWikiGoLaTeX",
      "Exceptions": [],
      "Warnings": [],
      "Fields": {
        "title": "$<\\backslash$input Wiki .:. goLaTeX - Mein LaTeX-Forum",
        "url": "https://golatex.de/wiki/%5Cinput",
        "urldate": "2019-03-11"
      }
    }
  ],
  "Comments": []
}