{
  "Items": [
    {
      "Type": "article",
      "Key": "giustina2015significantloopholefree",
      "Exceptions": [],
      "Warnings": [],
      "Fields": {
        "author": "Giustina, Marissa and Versteegh, Marijn A. M. and Wengerowsky, Sören and Handsteiner, Johannes and Hochrainer, Armin and Phelan, Kevin and Steinlechner, Fabian and Kofler, Johannes and Larsson, Jan-Åke and Abellán, Carlos and Amaya, Waldimar and Pruneri, Valerio and Mitchell, Morgan W. and Beyer, Jörn and Gerrits, Thomas and Lita, Adriana E. and Shalm, Lynden K. and Nam, Sae Woo and Scheidl, Thomas and Ursin, Rupert and Wittmann, Bernhard and Zeilinger, Anton",
        "date": "2015-12-16",
        "doi": "10.1103/PhysRevLett.115.250401",
        "journaltitle": "Physical Review Letters",
        "number": "25",
        "pages": "250401",
        "shortjournal": "Phys. Rev. Lett.",
        "title": "Significant-Loophole-Free Test of Bell's Theorem with Entangled Photons",
        "volume": "115"
      }
    }
  ],
  "Comments": []
}