{
  "Items": [
    {
      "Type": "book",
      "Key": "Medvedev2002",
      "Exceptions": [],
      "Warnings": [],
      "Fields": {
        "author": "Медведев, Григорий",
        "date": "2002",
        "keywords": "Chernobyl Nuclear Accident; Chornobylʹ; Ukraine; 1986,Nuclear industry,Nuclear reactor accidents,Radioactive wastes",
        "langid": "russian",
        "pagetotal": "520",
        "publisher": "МК-Периодика",
        "title": "Ядерный загар"
      }
    }
  ],
  "Comments": []
}